Component: Arm Compiler for Embedded 6.19 Tool: armlink [5e73cb00]

==============================================================================

Section Cross References

    startup_stm32f407xx.o(RESET) refers to startup_stm32f407xx.o(STACK) for __initial_sp
    startup_stm32f407xx.o(RESET) refers to startup_stm32f407xx.o(.text) for Reset_Handler
    startup_stm32f407xx.o(RESET) refers to stm32f4xx_it.o(.text.NMI_Handler) for NMI_Handler
    startup_stm32f407xx.o(RESET) refers to stm32f4xx_it.o(.text.HardFault_Handler) for HardFault_Handler
    startup_stm32f407xx.o(RESET) refers to stm32f4xx_it.o(.text.MemManage_Handler) for MemManage_Handler
    startup_stm32f407xx.o(RESET) refers to stm32f4xx_it.o(.text.BusFault_Handler) for BusFault_Handler
    startup_stm32f407xx.o(RESET) refers to stm32f4xx_it.o(.text.UsageFault_Handler) for UsageFault_Handler
    startup_stm32f407xx.o(RESET) refers to stm32f4xx_it.o(.text.SVC_Handler) for SVC_Handler
    startup_stm32f407xx.o(RESET) refers to stm32f4xx_it.o(.text.DebugMon_Handler) for DebugMon_Handler
    startup_stm32f407xx.o(RESET) refers to stm32f4xx_it.o(.text.PendSV_Handler) for PendSV_Handler
    startup_stm32f407xx.o(RESET) refers to stm32f4xx_it.o(.text.SysTick_Handler) for SysTick_Handler
    startup_stm32f407xx.o(.text) refers to system_stm32f4xx.o(.text.SystemInit) for SystemInit
    startup_stm32f407xx.o(.text) refers to entry.o(.ARM.Collect$$$$00000000) for __main
    main.o(.text.fputc) refers to main.o(.bss..L_MergedGlobals) for .L_MergedGlobals
    main.o(.text.fputc) refers to main.o(.bss.huart6) for huart6
    main.o(.text.fputc) refers to stm32f4xx_hal_uart.o(.text.HAL_UART_Transmit) for HAL_UART_Transmit
    main.o(.ARM.exidx.text.fputc) refers to main.o(.text.fputc) for [Anonymous Symbol]
    main.o(.text.fgetc) refers to main.o(.bss..L_MergedGlobals) for .L_MergedGlobals
    main.o(.text.fgetc) refers to main.o(.bss.huart6) for huart6
    main.o(.text.fgetc) refers to stm32f4xx_hal_uart.o(.text.HAL_UART_Receive) for HAL_UART_Receive
    main.o(.ARM.exidx.text.fgetc) refers to main.o(.text.fgetc) for [Anonymous Symbol]
    main.o(.text.main) refers to stm32f4xx_hal.o(.text.HAL_Init) for HAL_Init
    main.o(.text.main) refers to main.o(.text.SystemClock_Config) for SystemClock_Config
    main.o(.text.main) refers to stm32f4xx_hal_gpio.o(.text.HAL_GPIO_Init) for HAL_GPIO_Init
    main.o(.text.main) refers to stm32f4xx_hal_gpio.o(.text.HAL_GPIO_WritePin) for HAL_GPIO_WritePin
    main.o(.text.main) refers to main.o(.bss..L_MergedGlobals) for .L_MergedGlobals
    main.o(.text.main) refers to stm32f4xx_hal_rtc.o(.text.HAL_RTC_Init) for HAL_RTC_Init
    main.o(.text.main) refers to main.o(.bss.hsd) for hsd
    main.o(.text.main) refers to main.o(.bss.huart6) for huart6
    main.o(.text.main) refers to stm32f4xx_hal_uart.o(.text.HAL_UART_Init) for HAL_UART_Init
    main.o(.text.main) refers to fatfs.o(.text.MX_FATFS_Init) for MX_FATFS_Init
    main.o(.text.main) refers to stm32f4xx_hal.o(.text.HAL_Delay) for HAL_Delay
    main.o(.text.main) refers to main.o(.bss.wtext) for wtext
    main.o(.text.main) refers to memseta.o(.text) for __aeabi_memclr4
    main.o(.text.main) refers to puts.o(i.puts) for puts
    main.o(.text.main) refers to fatfs.o(.bss.SDFatFS) for SDFatFS
    main.o(.text.main) refers to fatfs.o(.bss..L_MergedGlobals) for SDPath
    main.o(.text.main) refers to ff.o(.text.f_mount) for f_mount
    main.o(.text.main) refers to fatfs.o(.bss.SDFile) for SDFile
    main.o(.text.main) refers to ff.o(.text.f_open) for f_open
    main.o(.text.main) refers to printf6.o(i.__0printf$6) for __2printf
    main.o(.text.main) refers to stm32f4xx_hal_rtc.o(.text.HAL_RTC_GetTime) for HAL_RTC_GetTime
    main.o(.text.main) refers to main.o(.rodata.str1.1) for .L.str.3
    main.o(.text.main) refers to ff.o(.text.f_read) for f_read
    main.o(.ARM.exidx.text.main) refers to main.o(.text.main) for [Anonymous Symbol]
    main.o(.text.SystemClock_Config) refers to stm32f4xx_hal_rcc.o(.text.HAL_RCC_OscConfig) for HAL_RCC_OscConfig
    main.o(.text.SystemClock_Config) refers to stm32f4xx_hal_rcc.o(.text.HAL_RCC_ClockConfig) for HAL_RCC_ClockConfig
    main.o(.ARM.exidx.text.SystemClock_Config) refers to main.o(.text.SystemClock_Config) for [Anonymous Symbol]
    main.o(.ARM.exidx.text.Error_Handler) refers to main.o(.text.Error_Handler) for [Anonymous Symbol]
    stm32f4xx_it.o(.ARM.exidx.text.NMI_Handler) refers to stm32f4xx_it.o(.text.NMI_Handler) for [Anonymous Symbol]
    stm32f4xx_it.o(.ARM.exidx.text.HardFault_Handler) refers to stm32f4xx_it.o(.text.HardFault_Handler) for [Anonymous Symbol]
    stm32f4xx_it.o(.ARM.exidx.text.MemManage_Handler) refers to stm32f4xx_it.o(.text.MemManage_Handler) for [Anonymous Symbol]
    stm32f4xx_it.o(.ARM.exidx.text.BusFault_Handler) refers to stm32f4xx_it.o(.text.BusFault_Handler) for [Anonymous Symbol]
[...]
    Removing bsp_driver_sd.o(.ARM.exidx.text.BSP_SD_IsDetected), (8 bytes).
    Removing bsp_driver_sd.o(.text.BSP_SD_ITConfig), (4 bytes).
    Removing bsp_driver_sd.o(.ARM.exidx.text.BSP_SD_ITConfig), (8 bytes).
    Removing bsp_driver_sd.o(.text.BSP_SD_DetectIT), (2 bytes).
    Removing bsp_driver_sd.o(.ARM.exidx.text.BSP_SD_DetectIT), (8 bytes).
    Removing bsp_driver_sd.o(.ARM.exidx.text.BSP_SD_ReadBlocks), (8 bytes).
    Removing bsp_driver_sd.o(.ARM.exidx.text.BSP_SD_WriteBlocks), (8 bytes).
    Removing bsp_driver_sd.o(.text.BSP_SD_ReadBlocks_DMA), (28 bytes).
    Removing bsp_driver_sd.o(.ARM.exidx.text.BSP_SD_ReadBlocks_DMA), (8 bytes).
    Removing bsp_driver_sd.o(.text.BSP_SD_WriteBlocks_DMA), (28 bytes).
    Removing bsp_driver_sd.o(.ARM.exidx.text.BSP_SD_WriteBlocks_DMA), (8 bytes).
    Removing bsp_driver_sd.o(.text.BSP_SD_Erase), (26 bytes).
    Removing bsp_driver_sd.o(.ARM.exidx.text.BSP_SD_Erase), (8 bytes).
    Removing bsp_driver_sd.o(.ARM.exidx.text.BSP_SD_GetCardState), (8 bytes).
    Removing bsp_driver_sd.o(.ARM.exidx.text.BSP_SD_GetCardInfo), (8 bytes).
    Removing bsp_driver_sd.o(.text.HAL_SD_AbortCallback), (4 bytes).
    Removing bsp_driver_sd.o(.ARM.exidx.text.HAL_SD_AbortCallback), (8 bytes).
    Removing bsp_driver_sd.o(.text.BSP_SD_AbortCallback), (2 bytes).
    Removing bsp_driver_sd.o(.ARM.exidx.text.BSP_SD_AbortCallback), (8 bytes).
    Removing bsp_driver_sd.o(.text.HAL_SD_TxCpltCallback), (4 bytes).
    Removing bsp_driver_sd.o(.ARM.exidx.text.HAL_SD_TxCpltCallback), (8 bytes).
    Removing bsp_driver_sd.o(.text.BSP_SD_WriteCpltCallback), (2 bytes).
    Removing bsp_driver_sd.o(.ARM.exidx.text.BSP_SD_WriteCpltCallback), (8 bytes).
    Removing bsp_driver_sd.o(.text.HAL_SD_RxCpltCallback), (4 bytes).
    Removing bsp_driver_sd.o(.ARM.exidx.text.HAL_SD_RxCpltCallback), (8 bytes).
    Removing bsp_driver_sd.o(.text.BSP_SD_ReadCpltCallback), (2 bytes).
    Removing bsp_driver_sd.o(.ARM.exidx.text.BSP_SD_ReadCpltCallback), (8 bytes).
    Removing sd_diskio.o(.text), (0 bytes).
    Removing sd_diskio.o(.ARM.exidx.text.SD_initialize), (8 bytes).
    Removing sd_diskio.o(.ARM.exidx.text.SD_status), (8 bytes).
    Removing sd_diskio.o(.ARM.exidx.text.SD_read), (8 bytes).
    Removing sd_diskio.o(.ARM.exidx.text.SD_write), (8 bytes).
    Removing sd_diskio.o(.ARM.exidx.text.SD_ioctl), (8 bytes).
    Removing fatfs_platform.o(.text), (0 bytes).
    Removing fatfs_platform.o(.ARM.exidx.text.BSP_PlatformIsDetected), (8 bytes).
    Removing fatfs.o(.text), (0 bytes).
    Removing fatfs.o(.ARM.exidx.text.MX_FATFS_Init), (8 bytes).
    Removing fatfs.o(.ARM.exidx.text.get_fattime), (8 bytes).
    Removing diskio.o(.text), (0 bytes).
    Removing diskio.o(.ARM.exidx.text.disk_status), (8 bytes).
    Removing diskio.o(.ARM.exidx.text.disk_initialize), (8 bytes).
    Removing diskio.o(.ARM.exidx.text.disk_read), (8 bytes).
    Removing diskio.o(.ARM.exidx.text.disk_write), (8 bytes).
    Removing diskio.o(.text.disk_ioctl), (22 bytes).
    Removing diskio.o(.ARM.exidx.text.disk_ioctl), (8 bytes).
    Removing diskio.o(.text.get_fattime), (4 bytes).
    Removing diskio.o(.ARM.exidx.text.get_fattime), (8 bytes).
    Removing ff.o(.text), (0 bytes).
    Removing ff.o(.ARM.exidx.text.f_mount), (8 bytes).
    Removing ff.o(.ARM.exidx.text.find_volume), (8 bytes).
    Removing ff.o(.ARM.exidx.text.f_open), (8 bytes).
    Removing ff.o(.ARM.exidx.text.follow_path), (8 bytes).
    Removing ff.o(.ARM.exidx.text.dir_register), (8 bytes).
    Removing ff.o(.text.remove_chain), (126 bytes).
    Removing ff.o(.ARM.exidx.text.remove_chain), (8 bytes).
    Removing ff.o(.ARM.exidx.text.move_window), (8 bytes).
    Removing ff.o(.text.inc_lock), (158 bytes).
    Removing ff.o(.ARM.exidx.text.inc_lock), (8 bytes).
    Removing ff.o(.ARM.exidx.text.get_fat), (8 bytes).
    Removing ff.o(.ARM.exidx.text.f_read), (8 bytes).
    Removing ff.o(.text.f_write), (778 bytes).
    Removing ff.o(.ARM.exidx.text.f_write), (8 bytes).
    Removing ff.o(.ARM.exidx.text.create_chain), (8 bytes).
    Removing ff.o(.text.f_sync), (190 bytes).
    Removing ff.o(.ARM.exidx.text.f_sync), (8 bytes).
    Removing ff.o(.text.sync_fs), (204 bytes).
    Removing ff.o(.ARM.exidx.text.sync_fs), (8 bytes).
    Removing ff.o(.text.f_close), (104 bytes).
    Removing ff.o(.ARM.exidx.text.f_close), (8 bytes).
    Removing ff.o(.text.f_lseek), (794 bytes).
    Removing ff.o(.ARM.exidx.text.f_lseek), (8 bytes).
    Removing ff.o(.text.f_opendir), (404 bytes).
    Removing ff.o(.ARM.exidx.text.f_opendir), (8 bytes).
    Removing ff.o(.ARM.exidx.text.dir_sdi), (8 bytes).
    Removing ff.o(.text.f_closedir), (96 bytes).
    Removing ff.o(.ARM.exidx.text.f_closedir), (8 bytes).
    Removing ff.o(.text.f_readdir), (438 bytes).
    Removing ff.o(.ARM.exidx.text.f_readdir), (8 bytes).
    Removing ff.o(.text.dir_read), (864 bytes).
    Removing ff.o(.ARM.exidx.text.dir_read), (8 bytes).
    Removing ff.o(.text.get_fileinfo), (528 bytes).
    Removing ff.o(.ARM.exidx.text.get_fileinfo), (8 bytes).
    Removing ff.o(.ARM.exidx.text.dir_next), (8 bytes).
    Removing ff.o(.text.f_stat), (102 bytes).
    Removing ff.o(.ARM.exidx.text.f_stat), (8 bytes).
    Removing ff.o(.text.f_getfree), (264 bytes).
    Removing ff.o(.ARM.exidx.text.f_getfree), (8 bytes).
    Removing ff.o(.text.f_truncate), (224 bytes).
    Removing ff.o(.ARM.exidx.text.f_truncate), (8 bytes).
    Removing ff.o(.text.f_unlink), (290 bytes).
    Removing ff.o(.ARM.exidx.text.f_unlink), (8 bytes).
    Removing ff.o(.text.dir_remove), (240 bytes).
    Removing ff.o(.ARM.exidx.text.dir_remove), (8 bytes).
    Removing ff.o(.text.f_mkdir), (734 bytes).
    Removing ff.o(.ARM.exidx.text.f_mkdir), (8 bytes).
    Removing ff.o(.ARM.exidx.text.sync_window), (8 bytes).
    Removing ff.o(.text.f_rename), (608 bytes).
    Removing ff.o(.ARM.exidx.text.f_rename), (8 bytes).
    Removing ff.o(.text.f_mkfs), (2126 bytes).
    Removing ff.o(.ARM.exidx.text.f_mkfs), (8 bytes).
    Removing ff.o(.text.f_gets), (112 bytes).
    Removing ff.o(.ARM.exidx.text.f_gets), (8 bytes).
    Removing ff.o(.text.f_putc), (72 bytes).
    Removing ff.o(.ARM.exidx.text.f_putc), (8 bytes).
    Removing ff.o(.text.f_puts), (210 bytes).
    Removing ff.o(.ARM.exidx.text.f_puts), (8 bytes).
    Removing ff.o(.text.f_printf), (1618 bytes).
    Removing ff.o(.ARM.exidx.text.f_printf), (8 bytes).
    Removing ff.o(.ARM.exidx.text.dir_find), (8 bytes).
    Removing ff.o(.text.sum_sfn), (130 bytes).
    Removing ff.o(.ARM.exidx.text.sum_sfn), (8 bytes).
    Removing ff.o(.ARM.exidx.text.put_fat), (8 bytes).
    Removing ff_gen_drv.o(.text), (0 bytes).
    Removing ff_gen_drv.o(.text.FATFS_LinkDriverEx), (80 bytes).
    Removing ff_gen_drv.o(.ARM.exidx.text.FATFS_LinkDriverEx), (8 bytes).
    Removing ff_gen_drv.o(.ARM.exidx.text.FATFS_LinkDriver), (8 bytes).
    Removing ff_gen_drv.o(.text.FATFS_UnLinkDriverEx), (48 bytes).
    Removing ff_gen_drv.o(.ARM.exidx.text.FATFS_UnLinkDriverEx), (8 bytes).
    Removing ff_gen_drv.o(.text.FATFS_UnLinkDriver), (48 bytes).
    Removing ff_gen_drv.o(.ARM.exidx.text.FATFS_UnLinkDriver), (8 bytes).
    Removing ff_gen_drv.o(.text.FATFS_GetAttachedDriversNbr), (12 bytes).
    Removing ff_gen_drv.o(.ARM.exidx.text.FATFS_GetAttachedDriversNbr), (8 bytes).
    Removing syscall.o(.text), (0 bytes).
    Removing syscall.o(.ARM.exidx.text.ff_memalloc), (8 bytes).
    Removing syscall.o(.ARM.exidx.text.ff_memfree), (8 bytes).
    Removing cc936.o(.text), (0 bytes).
    Removing cc936.o(.ARM.exidx.text.ff_convert), (8 bytes).
    Removing cc936.o(.ARM.exidx.text.ff_wtoupper), (8 bytes).
    Removing dadd.o(.text), (334 bytes).
    Removing dmul.o(.text), (228 bytes).
    Removing ddiv.o(.text), (222 bytes).
    Removing dfixul.o(.text), (48 bytes).
    Removing cdrcmple.o(.text), (48 bytes).
    Removing depilogue.o(.text), (186 bytes).

805 unused section(s) (total 46368 bytes) removed from the image.

==============================================================================

Image Symbol Table

    Local Symbols

    Symbol Name                              Value     Ov Type        Size  Object(Section)

    ../clib/division.s                       0x00000000   Number         0  aeabi_sdiv.o ABSOLUTE
    ../clib/microlib/division.c              0x00000000   Number         0  uldiv.o ABSOLUTE
    ../clib/microlib/division.c              0x00000000   Number         0  uidiv.o ABSOLUTE
    ../clib/microlib/init/entry.s            0x00000000   Number         0  entry.o ABSOLUTE
    ../clib/microlib/init/entry.s            0x00000000   Number         0  entry2.o ABSOLUTE
    ../clib/microlib/init/entry.s            0x00000000   Number         0  entry5.o ABSOLUTE
    ../clib/microlib/init/entry.s            0x00000000   Number         0  entry7a.o ABSOLUTE
    ../clib/microlib/init/entry.s            0x00000000   Number         0  entry7b.o ABSOLUTE
    ../clib/microlib/init/entry.s            0x00000000   Number         0  entry8a.o ABSOLUTE
    ../clib/microlib/init/entry.s            0x00000000   Number         0  entry8b.o ABSOLUTE
    ../clib/microlib/init/entry.s            0x00000000   Number         0  entry9a.o ABSOLUTE
    ../clib/microlib/init/entry.s            0x00000000   Number         0  entry9b.o ABSOLUTE
    ../clib/microlib/init/entry.s            0x00000000   Number         0  entry10a.o ABSOLUTE
    ../clib/microlib/init/entry.s            0x00000000   Number         0  entry10b.o ABSOLUTE
    ../clib/microlib/init/entry.s            0x00000000   Number         0  entry11a.o ABSOLUTE
    ../clib/microlib/init/entry.s            0x00000000   Number         0  entry11b.o ABSOLUTE
    ../clib/microlib/longlong.c              0x00000000   Number         0  llshl.o ABSOLUTE
    ../clib/microlib/longlong.c              0x00000000   Number         0  llushr.o ABSOLUTE
    ../clib/microlib/longlong.c              0x00000000   Number         0  llsshr.o ABSOLUTE
    ../clib/microlib/malloc/malloc.c         0x00000000   Number         0  malloc.o ABSOLUTE
    ../clib/microlib/malloc/malloc.c         0x00000000   Number         0  mallocr.o ABSOLUTE
    ../clib/microlib/malloc/malloc.c         0x00000000   Number         0  malloca.o ABSOLUTE
    ../clib/microlib/malloc/malloc.c         0x00000000   Number         0  mallocra.o ABSOLUTE
    ../clib/microlib/malloc/mvars.c          0x00000000   Number         0  mvars.o ABSOLUTE
    ../clib/microlib/printf/printf.c         0x00000000   Number         0  printfb.o ABSOLUTE
    ../clib/microlib/printf/printf.c         0x00000000   Number         0  printf0.o ABSOLUTE
    ../clib/microlib/printf/printf.c         0x00000000   Number         0  printf1.o ABSOLUTE
    ../clib/microlib/printf/printf.c         0x00000000   Number         0  printf2.o ABSOLUTE
    ../clib/microlib/printf/printf.c         0x00000000   Number         0  printf3.o ABSOLUTE
    ../clib/microlib/printf/printf.c         0x00000000   Number         0  printf4.o ABSOLUTE
    ../clib/microlib/printf/printf.c         0x00000000   Number         0  printf5.o ABSOLUTE
    ../clib/microlib/printf/printf.c         0x00000000   Number         0  printf6.o ABSOLUTE
    ../clib/microlib/printf/printf.c         0x00000000   Number         0  printf7.o ABSOLUTE
    ../clib/microlib/printf/printf.c         0x00000000   Number         0  printf8.o ABSOLUTE
    ../clib/microlib/printf/printf.c         0x00000000   Number         0  printfa.o ABSOLUTE
    ../clib/microlib/printf/stubs.s          0x00000000   Number         0  printfstubs.o ABSOLUTE
    ../clib/microlib/stdio/puts.c            0x00000000   Number         0  puts.o ABSOLUTE
    ../clib/microlib/stdio/puts.c            0x00000000   Number         0  puts_e.o ABSOLUTE
    ../clib/microlib/stdio/streams.c         0x00000000   Number         0  stdout.o ABSOLUTE
    ../clib/microlib/string/memcpy.c         0x00000000   Number         0  memcpya.o ABSOLUTE
    ../clib/microlib/string/memcpy.c         0x00000000   Number         0  memcpyb.o ABSOLUTE
    ../clib/microlib/string/memset.c         0x00000000   Number         0  memseta.o ABSOLUTE
    ../clib/microlib/stubs.s                 0x00000000   Number         0  iusefp.o ABSOLUTE
    ../fplib/microlib/fpadd.c                0x00000000   Number         0  dadd.o ABSOLUTE
    ../fplib/microlib/fpdiv.c                0x00000000   Number         0  ddiv.o ABSOLUTE
    ../fplib/microlib/fpepilogue.c           0x00000000   Number         0  depilogue.o ABSOLUTE
    ../fplib/microlib/fpfix.c                0x00000000   Number         0  dfixul.o ABSOLUTE
    ../fplib/microlib/fpmul.c                0x00000000   Number         0  dmul.o ABSOLUTE
    bsp_driver_sd.c                          0x00000000   Number         0  bsp_driver_sd.o ABSOLUTE
    cc936.c                                  0x00000000   Number         0  cc936.o ABSOLUTE
    cdrcmple.s                               0x00000000   Number         0  cdrcmple.o ABSOLUTE
    dc.s                                     0x00000000   Number         0  dc.o ABSOLUTE
    diskio.c                                 0x00000000   Number         0  diskio.o ABSOLUTE
    fatfs.c                                  0x00000000   Number         0  fatfs.o ABSOLUTE
    fatfs_platform.c                         0x00000000   Number         0  fatfs_platform.o ABSOLUTE
    ff.c                                     0x00000000   Number         0  ff.o ABSOLUTE
    ff_gen_drv.c                             0x00000000   Number         0  ff_gen_drv.o ABSOLUTE
    handlers.s                               0x00000000   Number         0  handlers.o ABSOLUTE
    init.s                                   0x00000000   Number         0  init.o ABSOLUTE
    main.c                                   0x00000000   Number         0  main.o ABSOLUTE
    sd_diskio.c                              0x00000000   Number         0  sd_diskio.o ABSOLUTE
    startup_stm32f407xx.s                    0x00000000   Number         0  startup_stm32f407xx.o ABSOLUTE
    stm32f4xx_hal.c                          0x00000000   Number         0  stm32f4xx_hal.o ABSOLUTE
    stm32f4xx_hal_cortex.c                   0x00000000   Number         0  stm32f4xx_hal_cortex.o ABSOLUTE
    stm32f4xx_hal_dma.c                      0x00000000   Number         0  stm32f4xx_hal_dma.o ABSOLUTE
    stm32f4xx_hal_dma_ex.c                   0x00000000   Number         0  stm32f4xx_hal_dma_ex.o ABSOLUTE
    stm32f4xx_hal_exti.c                     0x00000000   Number         0  stm32f4xx_hal_exti.o ABSOLUTE
    stm32f4xx_hal_flash.c                    0x00000000   Number         0  stm32f4xx_hal_flash.o ABSOLUTE
    stm32f4xx_hal_flash_ex.c                 0x00000000   Number         0  stm32f4xx_hal_flash_ex.o ABSOLUTE
    stm32f4xx_hal_flash_ramfunc.c            0x00000000   Number         0  stm32f4xx_hal_flash_ramfunc.o ABSOLUTE
    stm32f4xx_hal_gpio.c                     0x00000000   Number         0  stm32f4xx_hal_gpio.o ABSOLUTE
    stm32f4xx_hal_msp.c                      0x00000000   Number         0  stm32f4xx_hal_msp.o ABSOLUTE
    stm32f4xx_hal_pwr.c                      0x00000000   Number         0  stm32f4xx_hal_pwr.o ABSOLUTE
    stm32f4xx_hal_pwr_ex.c                   0x00000000   Number         0  stm32f4xx_hal_pwr_ex.o ABSOLUTE
    stm32f4xx_hal_rcc.c                      0x00000000   Number         0  stm32f4xx_hal_rcc.o ABSOLUTE
    stm32f4xx_hal_rcc_ex.c                   0x00000000   Number         0  stm32f4xx_hal_rcc_ex.o ABSOLUTE
    stm32f4xx_hal_rtc.c                      0x00000000   Number         0  stm32f4xx_hal_rtc.o ABSOLUTE
    stm32f4xx_hal_rtc_ex.c                   0x00000000   Number         0  stm32f4xx_hal_rtc_ex.o ABSOLUTE
    stm32f4xx_hal_sd.c                       0x00000000   Number         0  stm32f4xx_hal_sd.o ABSOLUTE
    stm32f4xx_hal_tim.c                      0x00000000   Number         0  stm32f4xx_hal_tim.o ABSOLUTE
    stm32f4xx_hal_tim_ex.c                   0x00000000   Number         0  stm32f4xx_hal_tim_ex.o ABSOLUTE
    stm32f4xx_hal_uart.c                     0x00000000   Number         0  stm32f4xx_hal_uart.o ABSOLUTE
    stm32f4xx_it.c                           0x00000000   Number         0  stm32f4xx_it.o ABSOLUTE
    stm32f4xx_ll_sdmmc.c                     0x00000000   Number         0  stm32f4xx_ll_sdmmc.o ABSOLUTE
    syscall.c                                0x00000000   Number         0  syscall.o ABSOLUTE
    system_stm32f4xx.c                       0x00000000   Number         0  system_stm32f4xx.o ABSOLUTE
    RESET                                    0x08000000   Section      392  startup_stm32f407xx.o(RESET)
    .ARM.Collect$$$$00000000                 0x08000188   Section        0  entry.o(.ARM.Collect$$$$00000000)
    .ARM.Collect$$$$00000001                 0x08000188   Section        4  entry2.o(.ARM.Collect$$$$00000001)
    .ARM.Collect$$$$00000004                 0x0800018c   Section        4  entry5.o(.ARM.Collect$$$$00000004)
    .ARM.Collect$$$$00000008                 0x08000190   Section        0  entry7b.o(.ARM.Collect$$$$00000008)
    .ARM.Collect$$$$0000000A                 0x08000190   Section        0  entry8b.o(.ARM.Collect$$$$0000000A)
    .ARM.Collect$$$$0000000B                 0x08000190   Section        8  entry9a.o(.ARM.Collect$$$$0000000B)
    __lit__00000000                          0x08000198   Data           4  entry2.o(.ARM.Collect$$$$00002712)
    .ARM.Collect$$$$0000000D                 0x08000198   Section        0  entry10a.o(.ARM.Collect$$$$0000000D)
    .ARM.Collect$$$$0000000F                 0x08000198   Section        0  entry11a.o(.ARM.Collect$$$$0000000F)
    .ARM.Collect$$$$00002712                 0x08000198   Section        4  entry2.o(.ARM.Collect$$$$00002712)
    $v0                                      0x0800019c   Number         0  startup_stm32f407xx.o(.text)
    .text                                    0x0800019c   Section       36  startup_stm32f407xx.o(.text)
    .text                                    0x080001c0   Section        0  uldiv.o(.text)
    .text                                    0x08000222   Section        0  memseta.o(.text)
    .text                                    0x08000246   Section        0  uidiv.o(.text)
    .text                                    0x08000272   Section        0  llshl.o(.text)
    .text                                    0x08000290   Section        0  llushr.o(.text)
    .text                                    0x080002b0   Section       36  init.o(.text)
    [Anonymous Symbol]                       0x080002d4   Section        0  fatfs_platform.o(.text.BSP_PlatformIsDetected)
    [Anonymous Symbol]                       0x080002ec   Section        0  bsp_driver_sd.o(.text.BSP_SD_GetCardInfo)
    [Anonymous Symbol]                       0x080002fc   Section        0  bsp_driver_sd.o(.text.BSP_SD_GetCardState)
    [Anonymous Symbol]                       0x08000314   Section        0  bsp_driver_sd.o(.text.BSP_SD_Init)
    [Anonymous Symbol]                       0x0800034c   Section        0  bsp_driver_sd.o(.text.BSP_SD_IsDetected)
    [Anonymous Symbol]                       0x0800036c   Section        0  bsp_driver_sd.o(.text.BSP_SD_ReadBlocks)
    [Anonymous Symbol]                       0x08000394   Section        0  bsp_driver_sd.o(.text.BSP_SD_WriteBlocks)
    [Anonymous Symbol]                       0x080003bc   Section        0  stm32f4xx_it.o(.text.BusFault_Handler)
    [Anonymous Symbol]                       0x080003c0   Section        0  stm32f4xx_it.o(.text.DebugMon_Handler)
    [Anonymous Symbol]                       0x080003c4   Section        0  main.o(.text.Error_Handler)
    [Anonymous Symbol]                       0x080003d0   Section        0  ff_gen_drv.o(.text.FATFS_LinkDriver)
    [Anonymous Symbol]                       0x0800041c   Section        0  stm32f4xx_hal.o(.text.HAL_Delay)
    [Anonymous Symbol]                       0x08000444   Section        0  stm32f4xx_hal_gpio.o(.text.HAL_GPIO_Init)
    [Anonymous Symbol]                       0x080005ec   Section        0  stm32f4xx_hal_gpio.o(.text.HAL_GPIO_ReadPin)
    [Anonymous Symbol]                       0x080005f8   Section        0  stm32f4xx_hal_gpio.o(.text.HAL_GPIO_WritePin)
    [Anonymous Symbol]                       0x08000604   Section        0  stm32f4xx_hal.o(.text.HAL_GetTick)
    [Anonymous Symbol]                       0x08000610   Section        0  stm32f4xx_hal.o(.text.HAL_IncTick)
    [Anonymous Symbol]                       0x0800062c   Section        0  stm32f4xx_hal.o(.text.HAL_Init)
    [Anonymous Symbol]                       0x08000664   Section        0  stm32f4xx_hal.o(.text.HAL_InitTick)
    [Anonymous Symbol]                       0x080006ac   Section        0  stm32f4xx_hal_msp.o(.text.HAL_MspInit)
    [Anonymous Symbol]                       0x080006e4   Section        0  stm32f4xx_hal_cortex.o(.text.HAL_NVIC_SetPriority)
    [Anonymous Symbol]                       0x0800073c   Section        0  stm32f4xx_hal_cortex.o(.text.HAL_NVIC_SetPriorityGrouping)
    [Anonymous Symbol]                       0x0800075c   Section        0  stm32f4xx_hal_rcc_ex.o(.text.HAL_RCCEx_PeriphCLKConfig)
    [Anonymous Symbol]                       0x080008a8   Section        0  stm32f4xx_hal_rcc.o(.text.HAL_RCC_ClockConfig)
    [Anonymous Symbol]                       0x08000a08   Section        0  stm32f4xx_hal_rcc.o(.text.HAL_RCC_GetPCLK1Freq)
    [Anonymous Symbol]                       0x08000a30   Section        0  stm32f4xx_hal_rcc.o(.text.HAL_RCC_GetPCLK2Freq)
    [Anonymous Symbol]                       0x08000a58   Section        0  stm32f4xx_hal_rcc.o(.text.HAL_RCC_GetSysClockFreq)
    [Anonymous Symbol]                       0x08000ac4   Section        0  stm32f4xx_hal_rcc.o(.text.HAL_RCC_OscConfig)
    [Anonymous Symbol]                       0x08000e38   Section        0  stm32f4xx_hal_rtc.o(.text.HAL_RTC_GetTime)
    [Anonymous Symbol]                       0x08000ea8   Section        0  stm32f4xx_hal_rtc.o(.text.HAL_RTC_Init)
    [Anonymous Symbol]                       0x08000f98   Section        0  stm32f4xx_hal_msp.o(.text.HAL_RTC_MspInit)
    [Anonymous Symbol]                       0x08000fdc   Section        0  stm32f4xx_hal_sd.o(.text.HAL_SD_ConfigWideBusOperation)
    [Anonymous Symbol]                       0x08001104   Section        0  stm32f4xx_hal_sd.o(.text.HAL_SD_GetCardCSD)
    [Anonymous Symbol]                       0x0800128c   Section        0  stm32f4xx_hal_sd.o(.text.HAL_SD_GetCardInfo)
    [Anonymous Symbol]                       0x080012b0   Section        0  stm32f4xx_hal_sd.o(.text.HAL_SD_GetCardState)
    [Anonymous Symbol]                       0x080012dc   Section        0  stm32f4xx_hal_sd.o(.text.HAL_SD_Init)
    [Anonymous Symbol]                       0x0800131c   Section        0  stm32f4xx_hal_sd.o(.text.HAL_SD_InitCard)
    [Anonymous Symbol]                       0x08001538   Section        0  stm32f4xx_hal_msp.o(.text.HAL_SD_MspInit)
    [Anonymous Symbol]                       0x08001634   Section        0  stm32f4xx_hal_sd.o(.text.HAL_SD_ReadBlocks)
    [Anonymous Symbol]                       0x08001868   Section        0  stm32f4xx_hal_sd.o(.text.HAL_SD_WriteBlocks)
    [Anonymous Symbol]                       0x08001a9c   Section        0  stm32f4xx_hal_cortex.o(.text.HAL_SYSTICK_Config)
    [Anonymous Symbol]                       0x08001ac8   Section        0  stm32f4xx_hal_uart.o(.text.HAL_UART_Init)
    [Anonymous Symbol]                       0x08001b28   Section        0  stm32f4xx_hal_msp.o(.text.HAL_UART_MspInit)
    [Anonymous Symbol]                       0x08001b94   Section        0  stm32f4xx_hal_uart.o(.text.HAL_UART_Transmit)
    [Anonymous Symbol]                       0x08001e1c   Section        0  stm32f4xx_it.o(.text.HardFault_Handler)
    [Anonymous Symbol]                       0x08001e20   Section        0  fatfs.o(.text.MX_FATFS_Init)
    [Anonymous Symbol]                       0x08001e3c   Section        0  stm32f4xx_it.o(.text.MemManage_Handler)
    [Anonymous Symbol]                       0x08001e40   Section        0  stm32f4xx_it.o(.text.NMI_Handler)
    [Anonymous Symbol]                       0x08001e44   Section        0  stm32f4xx_it.o(.text.PendSV_Handler)
    [Anonymous Symbol]                       0x08001e48   Section        0  stm32f4xx_ll_sdmmc.o(.text.SDIO_ConfigData)
    [Anonymous Symbol]                       0x08001e70   Section        0  stm32f4xx_ll_sdmmc.o(.text.SDIO_GetPowerState)
    [Anonymous Symbol]                       0x08001e78   Section        0  stm32f4xx_ll_sdmmc.o(.text.SDIO_GetResponse)
    [Anonymous Symbol]                       0x08001e80   Section        0  stm32f4xx_ll_sdmmc.o(.text.SDIO_Init)
    [Anonymous Symbol]                       0x08001eac   Section        0  stm32f4xx_ll_sdmmc.o(.text.SDIO_PowerState_ON)
    [Anonymous Symbol]                       0x08001eb8   Section        0  stm32f4xx_ll_sdmmc.o(.text.SDIO_ReadFIFO)
    [Anonymous Symbol]                       0x08001ec0   Section        0  stm32f4xx_ll_sdmmc.o(.text.SDIO_WriteFIFO)
    [Anonymous Symbol]                       0x08001ecc   Section        0  stm32f4xx_ll_sdmmc.o(.text.SDMMC_CmdAppCommand)
    [Anonymous Symbol]                       0x08001ee4   Section        0  stm32f4xx_ll_sdmmc.o(.text.SDMMC_CmdAppOperCommand)
    [Anonymous Symbol]                       0x08001f74   Section        0  stm32f4xx_ll_sdmmc.o(.text.SDMMC_CmdBlockLength)
    [Anonymous Symbol]                       0x08001f8c   Section        0  stm32f4xx_ll_sdmmc.o(.text.SDMMC_CmdBusWidth)
    [Anonymous Symbol]                       0x08001fa4   Section        0  stm32f4xx_ll_sdmmc.o(.text.SDMMC_CmdGoIdleState)
    [Anonymous Symbol]                       0x08002004   Section        0  stm32f4xx_ll_sdmmc.o(.text.SDMMC_CmdOperCond)
    [Anonymous Symbol]                       0x080020ac   Section        0  stm32f4xx_ll_sdmmc.o(.text.SDMMC_CmdReadMultiBlock)
    [Anonymous Symbol]                       0x080020c4   Section        0  stm32f4xx_ll_sdmmc.o(.text.SDMMC_CmdReadSingleBlock)
    [Anonymous Symbol]                       0x080020dc   Section        0  stm32f4xx_ll_sdmmc.o(.text.SDMMC_CmdSelDesel)
    [Anonymous Symbol]                       0x080020f4   Section        0  stm32f4xx_ll_sdmmc.o(.text.SDMMC_CmdSendCID)
    [Anonymous Symbol]                       0x08002190   Section        0  stm32f4xx_ll_sdmmc.o(.text.SDMMC_CmdSendCSD)
    [Anonymous Symbol]                       0x0800222c   Section        0  stm32f4xx_ll_sdmmc.o(.text.SDMMC_CmdSendSCR)
    [Anonymous Symbol]                       0x08002248   Section        0  stm32f4xx_ll_sdmmc.o(.text.SDMMC_CmdSendStatus)
    [Anonymous Symbol]                       0x08002260   Section        0  stm32f4xx_ll_sdmmc.o(.text.SDMMC_CmdSetRelAdd)
    [Anonymous Symbol]                       0x0800232c   Section        0  stm32f4xx_ll_sdmmc.o(.text.SDMMC_CmdStopTransfer)
    [Anonymous Symbol]                       0x0800234c   Section        0  stm32f4xx_ll_sdmmc.o(.text.SDMMC_CmdWriteMultiBlock)
    [Anonymous Symbol]                       0x08002364   Section        0  stm32f4xx_ll_sdmmc.o(.text.SDMMC_CmdWriteSingleBlock)
    [Anonymous Symbol]                       0x0800237c   Section        0  stm32f4xx_ll_sdmmc.o(.text.SDMMC_GetCmdResp1)
    SD_FindSCR                               0x080024e5   Thumb Code   214  stm32f4xx_hal_sd.o(.text.SD_FindSCR)
    [Anonymous Symbol]                       0x080024e4   Section        0  stm32f4xx_hal_sd.o(.text.SD_FindSCR)
    [Anonymous Symbol]                       0x080025bc   Section        0  sd_diskio.o(.text.SD_initialize)
    [Anonymous Symbol]                       0x080025f4   Section        0  sd_diskio.o(.text.SD_ioctl)
    [Anonymous Symbol]                       0x08002658   Section        0  sd_diskio.o(.text.SD_read)
    [Anonymous Symbol]                       0x0800267c   Section        0  sd_diskio.o(.text.SD_status)
    [Anonymous Symbol]                       0x080026a0   Section        0  sd_diskio.o(.text.SD_write)
    [Anonymous Symbol]                       0x080026c4   Section        0  stm32f4xx_it.o(.text.SVC_Handler)
    [Anonymous Symbol]                       0x080026c8   Section        0  stm32f4xx_it.o(.text.SysTick_Handler)
    [Anonymous Symbol]                       0x080026cc   Section        0  main.o(.text.SystemClock_Config)
    [Anonymous Symbol]                       0x08002780   Section        0  system_stm32f4xx.o(.text.SystemInit)
    UART_SetConfig                           0x08002795   Thumb Code   238  stm32f4xx_hal_uart.o(.text.UART_SetConfig)
    [Anonymous Symbol]                       0x08002794   Section        0  stm32f4xx_hal_uart.o(.text.UART_SetConfig)
    [Anonymous Symbol]                       0x08002884   Section        0  stm32f4xx_it.o(.text.UsageFault_Handler)
    create_chain                             0x08002889   Thumb Code   300  ff.o(.text.create_chain)
    [Anonymous Symbol]                       0x08002888   Section        0  ff.o(.text.create_chain)
    dir_find                                 0x080029b5   Thumb Code  1664  ff.o(.text.dir_find)
    [Anonymous Symbol]                       0x080029b4   Section        0  ff.o(.text.dir_find)
    dir_next                                 0x08003035   Thumb Code   372  ff.o(.text.dir_next)
    [Anonymous Symbol]                       0x08003034   Section        0  ff.o(.text.dir_next)
    dir_register                             0x080031a9   Thumb Code  2126  ff.o(.text.dir_register)
    [Anonymous Symbol]                       0x080031a8   Section        0  ff.o(.text.dir_register)
    dir_sdi                                  0x080039f9   Thumb Code   166  ff.o(.text.dir_sdi)
    [Anonymous Symbol]                       0x080039f8   Section        0  ff.o(.text.dir_sdi)
    [Anonymous Symbol]                       0x08003aa0   Section        0  diskio.o(.text.disk_initialize)
    [Anonymous Symbol]                       0x08003ac4   Section        0  diskio.o(.text.disk_read)
    [Anonymous Symbol]                       0x08003ae4   Section        0  diskio.o(.text.disk_status)
    [Anonymous Symbol]                       0x08003afc   Section        0  diskio.o(.text.disk_write)
    [Anonymous Symbol]                       0x08003b1c   Section        0  ff.o(.text.f_mount)
    [Anonymous Symbol]                       0x08003c28   Section        0  ff.o(.text.f_open)
    [Anonymous Symbol]                       0x08004038   Section        0  ff.o(.text.f_read)
    [Anonymous Symbol]                       0x08004330   Section        0  cc936.o(.text.ff_convert)
    [Anonymous Symbol]                       0x0800452c   Section        0  syscall.o(.text.ff_memalloc)
    [Anonymous Symbol]                       0x08004530   Section        0  syscall.o(.text.ff_memfree)
    [Anonymous Symbol]                       0x08004534   Section        0  cc936.o(.text.ff_wtoupper)
    find_volume                              0x08004605   Thumb Code  1306  ff.o(.text.find_volume)
    [Anonymous Symbol]                       0x08004604   Section        0  ff.o(.text.find_volume)
    follow_path                              0x08004b21   Thumb Code  1896  ff.o(.text.follow_path)
    [Anonymous Symbol]                       0x08004b20   Section        0  ff.o(.text.follow_path)
    [Anonymous Symbol]                       0x08005288   Section        0  main.o(.text.fputc)
    get_fat                                  0x080052ad   Thumb Code   208  ff.o(.text.get_fat)
    [Anonymous Symbol]                       0x080052ac   Section        0  ff.o(.text.get_fat)
    [Anonymous Symbol]                       0x0800537c   Section        0  fatfs.o(.text.get_fattime)
    [Anonymous Symbol]                       0x08005380   Section        0  main.o(.text.main)
    move_window                              0x080056c5   Thumb Code   128  ff.o(.text.move_window)
    [Anonymous Symbol]                       0x080056c4   Section        0  ff.o(.text.move_window)
    put_fat                                  0x08005745   Thumb Code   270  ff.o(.text.put_fat)
    [Anonymous Symbol]                       0x08005744   Section        0  ff.o(.text.put_fat)
    sync_window                              0x08005855   Thumb Code    90  ff.o(.text.sync_window)
    [Anonymous Symbol]                       0x08005854   Section        0  ff.o(.text.sync_window)
    i.__0printf$6                            0x080058b0   Section        0  printf6.o(i.__0printf$6)
    i.__scatterload_copy                     0x080058d0   Section       14  handlers.o(i.__scatterload_copy)
    i.__scatterload_null                     0x080058de   Section        2  handlers.o(i.__scatterload_null)
    i.__scatterload_zeroinit                 0x080058e0   Section       14  handlers.o(i.__scatterload_zeroinit)
    _printf_core                             0x080058f1   Thumb Code   748  printf6.o(i._printf_core)
    i._printf_core                           0x080058f0   Section        0  printf6.o(i._printf_core)
    _printf_post_padding                     0x08005be1   Thumb Code    36  printf6.o(i._printf_post_padding)
    i._printf_post_padding                   0x08005be0   Section        0  printf6.o(i._printf_post_padding)
    _printf_pre_padding                      0x08005c05   Thumb Code    46  printf6.o(i._printf_pre_padding)
    i._printf_pre_padding                    0x08005c04   Section        0  printf6.o(i._printf_pre_padding)
    i.free                                   0x08005c34   Section        0  malloc.o(i.free)
    i.malloc                                 0x08005c84   Section        0  malloc.o(i.malloc)
    i.puts                                   0x08005cf0   Section        0  puts.o(i.puts)
    oem2uni                                  0x08005d40   Data       87172  cc936.o(.rodata.oem2uni)
    [Anonymous Symbol]                       0x08005d40   Section        0  cc936.o(.rodata.oem2uni)
    .L.str.5                                 0x0801b1c4   Data          73  main.o(.rodata.str1.1)
    [Anonymous Symbol]                       0x0801b1c4   Section        0  main.o(.rodata.str1.1)
    .L.str.4                                 0x0801b20d   Data          73  main.o(.rodata.str1.1)
    .L.str.3                                 0x0801b256   Data          14  main.o(.rodata.str1.1)
    ff_wtoupper.cvt2                         0x0801b264   Data         188  cc936.o(.rodata.str2.2)
    [Anonymous Symbol]                       0x0801b264   Section        0  cc936.o(.rodata.str2.2)
    ff_wtoupper.cvt1                         0x0801b320   Data         498  cc936.o(.rodata.str2.2)
    uni2oem                                  0x0801b512   Data       87172  cc936.o(.rodata.uni2oem)
    [Anonymous Symbol]                       0x0801b512   Section        0  cc936.o(.rodata.uni2oem)
    .data                                    0x20000000   Section        4  stdout.o(.data)
    .data                                    0x20000004   Section        4  mvars.o(.data)
    .data                                    0x20000008   Section        4  mvars.o(.data)
    .L_MergedGlobals                         0x2000000c   Data           8  stm32f4xx_hal.o(.data..L_MergedGlobals)
    [Anonymous Symbol]                       0x2000000c   Section        0  stm32f4xx_hal.o(.data..L_MergedGlobals)
    Stat                                     0x20000014   Data           1  sd_diskio.o(.data.Stat)
    [Anonymous Symbol]                       0x20000014   Section        0  sd_diskio.o(.data.Stat)
    .L_MergedGlobals                         0x20000020   Data          60  main.o(.bss..L_MergedGlobals)
    [Anonymous Symbol]                       0x20000020   Section        0  main.o(.bss..L_MergedGlobals)
    ReadWriteTest.timeNow                    0x20000024   Data           4  main.o(.bss..L_MergedGlobals)
    .L_MergedGlobals                         0x2000005c   Data           5  fatfs.o(.bss..L_MergedGlobals)
    [Anonymous Symbol]                       0x2000005c   Section        0  fatfs.o(.bss..L_MergedGlobals)
    .L_MergedGlobals                         0x20000064   Data          40  ff.o(.bss..L_MergedGlobals)
    Fsid                                     0x20000064   Data           2  ff.o(.bss..L_MergedGlobals)
    [Anonymous Symbol]                       0x20000064   Section        0  ff.o(.bss..L_MergedGlobals)
    FatFs.0                                  0x20000068   Data           4  ff.o(.bss..L_MergedGlobals)
    Files                                    0x2000006c   Data          32  ff.o(.bss..L_MergedGlobals)
    HEAP                                     0x200055c8   Section     4096  startup_stm32f407xx.o(HEAP)
    STACK                                    0x200065c8   Section     1024  startup_stm32f407xx.o(STACK)

    Global Symbols

    Symbol Name                              Value     Ov Type        Size  Object(Section)

    BuildAttributes$$THM_ISAv4$E$P$D$K$B$S$7EM$VFPi3$EXTD16$VFPS$VFMA$PE$A:L22UL41UL21$X:L11$S22US41US21$IEEE1$IW$~IW$USESV6$~STKCKD$USESV7$~SHL$OTIME$ROPI$EBA8$MICROLIB$REQ8$PRES8$EABIv2 0x00000000   Number         0  anon$$obj.o ABSOLUTE
    _printf_a                                0x00000000   Number         0  printfstubs.o ABSOLUTE
    _printf_c                                0x00000000   Number         0  printfstubs.o ABSOLUTE
    _printf_charcount                        0x00000000   Number         0  printfstubs.o ABSOLUTE
    _printf_d                                0x00000000   Number         0  printfstubs.o ABSOLUTE
    _printf_e                                0x00000000   Number         0  printfstubs.o ABSOLUTE
    _printf_f                                0x00000000   Number         0  printfstubs.o ABSOLUTE
    _printf_flags                            0x00000000   Number         0  printfstubs.o ABSOLUTE
    _printf_fp_dec                           0x00000000   Number         0  printfstubs.o ABSOLUTE
    _printf_fp_hex                           0x00000000   Number         0  printfstubs.o ABSOLUTE
    _printf_g                                0x00000000   Number         0  printfstubs.o ABSOLUTE
    _printf_i                                0x00000000   Number         0  printfstubs.o ABSOLUTE
    _printf_int_dec                          0x00000000   Number         0  printfstubs.o ABSOLUTE
    _printf_l                                0x00000000   Number         0  printfstubs.o ABSOLUTE
    _printf_lc                               0x00000000   Number         0  printfstubs.o ABSOLUTE
    _printf_ll                               0x00000000   Number         0  printfstubs.o ABSOLUTE
    _printf_lld                              0x00000000   Number         0  printfstubs.o ABSOLUTE
    _printf_lli                              0x00000000   Number         0  printfstubs.o ABSOLUTE
    _printf_llo                              0x00000000   Number         0  printfstubs.o ABSOLUTE
    _printf_llu                              0x00000000   Number         0  printfstubs.o ABSOLUTE
    _printf_llx                              0x00000000   Number         0  printfstubs.o ABSOLUTE
    _printf_longlong_dec                     0x00000000   Number         0  printfstubs.o ABSOLUTE
    _printf_longlong_hex                     0x00000000   Number         0  printfstubs.o ABSOLUTE
    _printf_longlong_oct                     0x00000000   Number         0  printfstubs.o ABSOLUTE
    _printf_ls                               0x00000000   Number         0  printfstubs.o ABSOLUTE
    _printf_mbtowc                           0x00000000   Number         0  printfstubs.o ABSOLUTE
    _printf_n                                0x00000000   Number         0  printfstubs.o ABSOLUTE
    _printf_o                                0x00000000   Number         0  printfstubs.o ABSOLUTE
    _printf_p                                0x00000000   Number         0  printfstubs.o ABSOLUTE
    _printf_percent                          0x00000000   Number         0  printfstubs.o ABSOLUTE
    _printf_pre_padding                      0x00000000   Number         0  printfstubs.o ABSOLUTE
    _printf_return_value                     0x00000000   Number         0  printfstubs.o ABSOLUTE
    _printf_s                                0x00000000   Number         0  printfstubs.o ABSOLUTE
    _printf_sizespec                         0x00000000   Number         0  printfstubs.o ABSOLUTE
    _printf_str                              0x00000000   Number         0  printfstubs.o ABSOLUTE
    _printf_truncate_signed                  0x00000000   Number         0  printfstubs.o ABSOLUTE
    _printf_truncate_unsigned                0x00000000   Number         0  printfstubs.o ABSOLUTE
    _printf_u                                0x00000000   Number         0  printfstubs.o ABSOLUTE
    _printf_wc                               0x00000000   Number         0  printfstubs.o ABSOLUTE
    _printf_wctomb                           0x00000000   Number         0  printfstubs.o ABSOLUTE
    _printf_widthprec                        0x00000000   Number         0  printfstubs.o ABSOLUTE
    _printf_x                                0x00000000   Number         0  printfstubs.o ABSOLUTE
    __cpp_initialize__aeabi_                  - Undefined Weak Reference
    __cxa_finalize                            - Undefined Weak Reference
    __decompress                              - Undefined Weak Reference
    _clock_init                               - Undefined Weak Reference
    _microlib_exit                            - Undefined Weak Reference
    __Vectors_Size                           0x00000188   Number         0  startup_stm32f407xx.o ABSOLUTE
    __Vectors                                0x08000000   Data           4  startup_stm32f407xx.o(RESET)
    __Vectors_End                            0x08000188   Data           0  startup_stm32f407xx.o(RESET)
    __main                                   0x08000189   Thumb Code     0  entry.o(.ARM.Collect$$$$00000000)
    _main_stk                                0x08000189   Thumb Code     0  entry2.o(.ARM.Collect$$$$00000001)
    _main_scatterload                        0x0800018d   Thumb Code     0  entry5.o(.ARM.Collect$$$$00000004)
    __main_after_scatterload                 0x08000191   Thumb Code     0  entry5.o(.ARM.Collect$$$$00000004)
    _main_clock                              0x08000191   Thumb Code     0  entry7b.o(.ARM.Collect$$$$00000008)
    _main_cpp_init                           0x08000191   Thumb Code     0  entry8b.o(.ARM.Collect$$$$0000000A)
    _main_init                               0x08000191   Thumb Code     0  entry9a.o(.ARM.Collect$$$$0000000B)
    __rt_final_cpp                           0x08000199   Thumb Code     0  entry10a.o(.ARM.Collect$$$$0000000D)
    __rt_final_exit                          0x08000199   Thumb Code     0  entry11a.o(.ARM.Collect$$$$0000000F)
    Reset_Handler                            0x0800019d   Thumb Code     8  startup_stm32f407xx.o(.text)
    ADC_IRQHandler                           0x080001b7   Thumb Code     0  startup_stm32f407xx.o(.text)
    CAN1_RX0_IRQHandler                      0x080001b7   Thumb Code     0  startup_stm32f407xx.o(.text)
    CAN1_RX1_IRQHandler                      0x080001b7   Thumb Code     0  startup_stm32f407xx.o(.text)
    CAN1_SCE_IRQHandler                      0x080001b7   Thumb Code     0  startup_stm32f407xx.o(.text)
    CAN1_TX_IRQHandler                       0x080001b7   Thumb Code     0  startup_stm32f407xx.o(.text)
    CAN2_RX0_IRQHandler                      0x080001b7   Thumb Code     0  startup_stm32f407xx.o(.text)
    CAN2_RX1_IRQHandler                      0x080001b7   Thumb Code     0  startup_stm32f407xx.o(.text)
    CAN2_SCE_IRQHandler                      0x080001b7   Thumb Code     0  startup_stm32f407xx.o(.text)
    CAN2_TX_IRQHandler                       0x080001b7   Thumb Code     0  startup_stm32f407xx.o(.text)
    DCMI_IRQHandler                          0x080001b7   Thumb Code     0  startup_stm32f407xx.o(.text)
    DMA1_Stream0_IRQHandler                  0x080001b7   Thumb Code     0  startup_stm32f407xx.o(.text)
    DMA1_Stream1_IRQHandler                  0x080001b7   Thumb Code     0  startup_stm32f407xx.o(.text)
    DMA1_Stream2_IRQHandler                  0x080001b7   Thumb Code     0  startup_stm32f407xx.o(.text)
    DMA1_Stream3_IRQHandler                  0x080001b7   Thumb Code     0  startup_stm32f407xx.o(.text)
    DMA1_Stream4_IRQHandler                  0x080001b7   Thumb Code     0  startup_stm32f407xx.o(.text)
    DMA1_Stream5_IRQHandler                  0x080001b7   Thumb Code     0  startup_stm32f407xx.o(.text)
    DMA1_Stream6_IRQHandler                  0x080001b7   Thumb Code     0  startup_stm32f407xx.o(.text)
    DMA1_Stream7_IRQHandler                  0x080001b7   Thumb Code     0  startup_stm32f407xx.o(.text)
    DMA2_Stream0_IRQHandler                  0x080001b7   Thumb Code     0  startup_stm32f407xx.o(.text)
    DMA2_Stream1_IRQHandler                  0x080001b7   Thumb Code     0  startup_stm32f407xx.o(.text)
    DMA2_Stream2_IRQHandler                  0x080001b7   Thumb Code     0  startup_stm32f407xx.o(.text)
    DMA2_Stream3_IRQHandler                  0x080001b7   Thumb Code     0  startup_stm32f407xx.o(.text)
    DMA2_Stream4_IRQHandler                  0x080001b7   Thumb Code     0  startup_stm32f407xx.o(.text)
    DMA2_Stream5_IRQHandler                  0x080001b7   Thumb Code     0  startup_stm32f407xx.o(.text)
    DMA2_Stream6_IRQHandler                  0x080001b7   Thumb Code     0  startup_stm32f407xx.o(.text)
    DMA2_Stream7_IRQHandler                  0x080001b7   Thumb Code     0  startup_stm32f407xx.o(.text)
    ETH_IRQHandler                           0x080001b7   Thumb Code     0  startup_stm32f407xx.o(.text)
    ETH_WKUP_IRQHandler                      0x080001b7   Thumb Code     0  startup_stm32f407xx.o(.text)
    EXTI0_IRQHandler                         0x080001b7   Thumb Code     0  startup_stm32f407xx.o(.text)
    EXTI15_10_IRQHandler                     0x080001b7   Thumb Code     0  startup_stm32f407xx.o(.text)
    EXTI1_IRQHandler                         0x080001b7   Thumb Code     0  startup_stm32f407xx.o(.text)
    EXTI2_IRQHandler                         0x080001b7   Thumb Code     0  startup_stm32f407xx.o(.text)
    EXTI3_IRQHandler                         0x080001b7   Thumb Code     0  startup_stm32f407xx.o(.text)
    EXTI4_IRQHandler                         0x080001b7   Thumb Code     0  startup_stm32f407xx.o(.text)
    EXTI9_5_IRQHandler                       0x080001b7   Thumb Code     0  startup_stm32f407xx.o(.text)
    FLASH_IRQHandler                         0x080001b7   Thumb Code     0  startup_stm32f407xx.o(.text)
    FMC_IRQHandler                           0x080001b7   Thumb Code     0  startup_stm32f407xx.o(.text)
    FPU_IRQHandler                           0x080001b7   Thumb Code     0  startup_stm32f407xx.o(.text)
    HASH_RNG_IRQHandler                      0x080001b7   Thumb Code     0  startup_stm32f407xx.o(.text)
    I2C1_ER_IRQHandler                       0x080001b7   Thumb Code     0  startup_stm32f407xx.o(.text)
    I2C1_EV_IRQHandler                       0x080001b7   Thumb Code     0  startup_stm32f407xx.o(.text)
    I2C2_ER_IRQHandler                       0x080001b7   Thumb Code     0  startup_stm32f407xx.o(.text)
    I2C2_EV_IRQHandler                       0x080001b7   Thumb Code     0  startup_stm32f407xx.o(.text)
    I2C3_ER_IRQHandler                       0x080001b7   Thumb Code     0  startup_stm32f407xx.o(.text)
    I2C3_EV_IRQHandler                       0x080001b7   Thumb Code     0  startup_stm32f407xx.o(.text)
    OTG_FS_IRQHandler                        0x080001b7   Thumb Code     0  startup_stm32f407xx.o(.text)
    OTG_FS_WKUP_IRQHandler                   0x080001b7   Thumb Code     0  startup_stm32f407xx.o(.text)
    OTG_HS_EP1_IN_IRQHandler                 0x080001b7   Thumb Code     0  startup_stm32f407xx.o(.text)
    OTG_HS_EP1_OUT_IRQHandler                0x080001b7   Thumb Code     0  startup_stm32f407xx.o(.text)
    OTG_HS_IRQHandler                        0x080001b7   Thumb Code     0  startup_stm32f407xx.o(.text)
    OTG_HS_WKUP_IRQHandler                   0x080001b7   Thumb Code     0  startup_stm32f407xx.o(.text)
    PVD_IRQHandler                           0x080001b7   Thumb Code     0  startup_stm32f407xx.o(.text)
    RCC_IRQHandler                           0x080001b7   Thumb Code     0  startup_stm32f407xx.o(.text)
    RTC_Alarm_IRQHandler                     0x080001b7   Thumb Code     0  startup_stm32f407xx.o(.text)
    RTC_WKUP_IRQHandler                      0x080001b7   Thumb Code     0  startup_stm32f407xx.o(.text)
    SDIO_IRQHandler                          0x080001b7   Thumb Code     0  startup_stm32f407xx.o(.text)
    SPI1_IRQHandler                          0x080001b7   Thumb Code     0  startup_stm32f407xx.o(.text)
    SPI2_IRQHandler                          0x080001b7   Thumb Code     0  startup_stm32f407xx.o(.text)
    SPI3_IRQHandler                          0x080001b7   Thumb Code     0  startup_stm32f407xx.o(.text)
    TAMP_STAMP_IRQHandler                    0x080001b7   Thumb Code     0  startup_stm32f407xx.o(.text)
    TIM1_BRK_TIM9_IRQHandler                 0x080001b7   Thumb Code     0  startup_stm32f407xx.o(.text)
    TIM1_CC_IRQHandler                       0x080001b7   Thumb Code     0  startup_stm32f407xx.o(.text)
    TIM1_TRG_COM_TIM11_IRQHandler            0x080001b7   Thumb Code     0  startup_stm32f407xx.o(.text)
    TIM1_UP_TIM10_IRQHandler                 0x080001b7   Thumb Code     0  startup_stm32f407xx.o(.text)
    TIM2_IRQHandler                          0x080001b7   Thumb Code     0  startup_stm32f407xx.o(.text)
    TIM3_IRQHandler                          0x080001b7   Thumb Code     0  startup_stm32f407xx.o(.text)
    TIM4_IRQHandler                          0x080001b7   Thumb Code     0  startup_stm32f407xx.o(.text)
    TIM5_IRQHandler                          0x080001b7   Thumb Code     0  startup_stm32f407xx.o(.text)
    TIM6_DAC_IRQHandler                      0x080001b7   Thumb Code     0  startup_stm32f407xx.o(.text)
    TIM7_IRQHandler                          0x080001b7   Thumb Code     0  startup_stm32f407xx.o(.text)
    TIM8_BRK_TIM12_IRQHandler                0x080001b7   Thumb Code     0  startup_stm32f407xx.o(.text)
    TIM8_CC_IRQHandler                       0x080001b7   Thumb Code     0  startup_stm32f407xx.o(.text)
    TIM8_TRG_COM_TIM14_IRQHandler            0x080001b7   Thumb Code     0  startup_stm32f407xx.o(.text)
    TIM8_UP_TIM13_IRQHandler                 0x080001b7   Thumb Code     0  startup_stm32f407xx.o(.text)
    UART4_IRQHandler                         0x080001b7   Thumb Code     0  startup_stm32f407xx.o(.text)
    UART5_IRQHandler                         0x080001b7   Thumb Code     0  startup_stm32f407xx.o(.text)
    USART1_IRQHandler                        0x080001b7   Thumb Code     0  startup_stm32f407xx.o(.text)
    USART2_IRQHandler                        0x080001b7   Thumb Code     0  startup_stm32f407xx.o(.text)
    USART3_IRQHandler                        0x080001b7   Thumb Code     0  startup_stm32f407xx.o(.text)
    USART6_IRQHandler                        0x080001b7   Thumb Code     0  startup_stm32f407xx.o(.text)
    WWDG_IRQHandler                          0x080001b7   Thumb Code     0  startup_stm32f407xx.o(.text)
    __aeabi_uldivmod                         0x080001c1   Thumb Code    98  uldiv.o(.text)
    __aeabi_memset                           0x08000223   Thumb Code    14  memseta.o(.text)
    __aeabi_memset4                          0x08000223   Thumb Code     0  memseta.o(.text)
    __aeabi_memset8                          0x08000223   Thumb Code     0  memseta.o(.text)
    __aeabi_memclr                           0x08000231   Thumb Code     4  memseta.o(.text)
    __aeabi_memclr4                          0x08000231   Thumb Code     0  memseta.o(.text)
    __aeabi_memclr8                          0x08000231   Thumb Code     0  memseta.o(.text)
    _memset$wrapper                          0x08000235   Thumb Code    18  memseta.o(.text)
    __aeabi_uidiv                            0x08000247   Thumb Code     0  uidiv.o(.text)
    __aeabi_uidivmod                         0x08000247   Thumb Code    44  uidiv.o(.text)
    __aeabi_llsl                             0x08000273   Thumb Code    30  llshl.o(.text)
    _ll_shift_l                              0x08000273   Thumb Code     0  llshl.o(.text)
    __aeabi_llsr                             0x08000291   Thumb Code    32  llushr.o(.text)
    _ll_ushift_r                             0x08000291   Thumb Code     0  llushr.o(.text)
    __scatterload                            0x080002b1   Thumb Code    28  init.o(.text)
    __scatterload_rt2                        0x080002b1   Thumb Code     0  init.o(.text)
    BSP_PlatformIsDetected                   0x080002d5   Thumb Code    24  fatfs_platform.o(.text.BSP_PlatformIsDetected)
    BSP_SD_GetCardInfo                       0x080002ed   Thumb Code    14  bsp_driver_sd.o(.text.BSP_SD_GetCardInfo)
    BSP_SD_GetCardState                      0x080002fd   Thumb Code    22  bsp_driver_sd.o(.text.BSP_SD_GetCardState)
    BSP_SD_Init                              0x08000315   Thumb Code    56  bsp_driver_sd.o(.text.BSP_SD_Init)
    BSP_SD_IsDetected                        0x0800034d   Thumb Code    32  bsp_driver_sd.o(.text.BSP_SD_IsDetected)
    BSP_SD_ReadBlocks                        0x0800036d   Thumb Code    38  bsp_driver_sd.o(.text.BSP_SD_ReadBlocks)
    BSP_SD_WriteBlocks                       0x08000395   Thumb Code    38  bsp_driver_sd.o(.text.BSP_SD_WriteBlocks)
    BusFault_Handler                         0x080003bd   Thumb Code     2  stm32f4xx_it.o(.text.BusFault_Handler)
    DebugMon_Handler                         0x080003c1   Thumb Code     2  stm32f4xx_it.o(.text.DebugMon_Handler)
    Error_Handler                            0x080003c5   Thumb Code    10  main.o(.text.Error_Handler)
    FATFS_LinkDriver                         0x080003d1   Thumb Code    76  ff_gen_drv.o(.text.FATFS_LinkDriver)
    HAL_Delay                                0x0800041d   Thumb Code    40  stm32f4xx_hal.o(.text.HAL_Delay)
    HAL_GPIO_Init                            0x08000445   Thumb Code   422  stm32f4xx_hal_gpio.o(.text.HAL_GPIO_Init)
    HAL_GPIO_ReadPin                         0x080005ed   Thumb Code    10  stm32f4xx_hal_gpio.o(.text.HAL_GPIO_ReadPin)
    HAL_GPIO_WritePin                        0x080005f9   Thumb Code    10  stm32f4xx_hal_gpio.o(.text.HAL_GPIO_WritePin)
    HAL_GetTick                              0x08000605   Thumb Code    12  stm32f4xx_hal.o(.text.HAL_GetTick)
    HAL_IncTick                              0x08000611   Thumb Code    26  stm32f4xx_hal.o(.text.HAL_IncTick)
    HAL_Init                                 0x0800062d   Thumb Code    54  stm32f4xx_hal.o(.text.HAL_Init)
    HAL_InitTick                             0x08000665   Thumb Code    72  stm32f4xx_hal.o(.text.HAL_InitTick)
    HAL_MspInit                              0x080006ad   Thumb Code    56  stm32f4xx_hal_msp.o(.text.HAL_MspInit)
    HAL_NVIC_SetPriority                     0x080006e5   Thumb Code    86  stm32f4xx_hal_cortex.o(.text.HAL_NVIC_SetPriority)
    HAL_NVIC_SetPriorityGrouping             0x0800073d   Thumb Code    32  stm32f4xx_hal_cortex.o(.text.HAL_NVIC_SetPriorityGrouping)
    HAL_RCCEx_PeriphCLKConfig                0x0800075d   Thumb Code   330  stm32f4xx_hal_rcc_ex.o(.text.HAL_RCCEx_PeriphCLKConfig)
    HAL_RCC_ClockConfig                      0x080008a9   Thumb Code   352  stm32f4xx_hal_rcc.o(.text.HAL_RCC_ClockConfig)
    HAL_RCC_GetPCLK1Freq                     0x08000a09   Thumb Code    38  stm32f4xx_hal_rcc.o(.text.HAL_RCC_GetPCLK1Freq)
    HAL_RCC_GetPCLK2Freq                     0x08000a31   Thumb Code    38  stm32f4xx_hal_rcc.o(.text.HAL_RCC_GetPCLK2Freq)
    HAL_RCC_GetSysClockFreq                  0x08000a59   Thumb Code   108  stm32f4xx_hal_rcc.o(.text.HAL_RCC_GetSysClockFreq)
    HAL_RCC_OscConfig                        0x08000ac5   Thumb Code   884  stm32f4xx_hal_rcc.o(.text.HAL_RCC_OscConfig)
    HAL_RTC_GetTime                          0x08000e39   Thumb Code   112  stm32f4xx_hal_rtc.o(.text.HAL_RTC_GetTime)
    HAL_RTC_Init                             0x08000ea9   Thumb Code   240  stm32f4xx_hal_rtc.o(.text.HAL_RTC_Init)
    HAL_RTC_MspInit                          0x08000f99   Thumb Code    68  stm32f4xx_hal_msp.o(.text.HAL_RTC_MspInit)
    HAL_SD_ConfigWideBusOperation            0x08000fdd   Thumb Code   294  stm32f4xx_hal_sd.o(.text.HAL_SD_ConfigWideBusOperation)
    HAL_SD_GetCardCSD                        0x08001105   Thumb Code   390  stm32f4xx_hal_sd.o(.text.HAL_SD_GetCardCSD)
    HAL_SD_GetCardInfo                       0x0800128d   Thumb Code    36  stm32f4xx_hal_sd.o(.text.HAL_SD_GetCardInfo)
    HAL_SD_GetCardState                      0x080012b1   Thumb Code    42  stm32f4xx_hal_sd.o(.text.HAL_SD_GetCardState)
    HAL_SD_Init                              0x080012dd   Thumb Code    64  stm32f4xx_hal_sd.o(.text.HAL_SD_Init)
    HAL_SD_InitCard                          0x0800131d   Thumb Code   540  stm32f4xx_hal_sd.o(.text.HAL_SD_InitCard)
    HAL_SD_MspInit                           0x08001539   Thumb Code   250  stm32f4xx_hal_msp.o(.text.HAL_SD_MspInit)
    HAL_SD_ReadBlocks                        0x08001635   Thumb Code   564  stm32f4xx_hal_sd.o(.text.HAL_SD_ReadBlocks)
    HAL_SD_WriteBlocks                       0x08001869   Thumb Code   562  stm32f4xx_hal_sd.o(.text.HAL_SD_WriteBlocks)
    HAL_SYSTICK_Config                       0x08001a9d   Thumb Code    44  stm32f4xx_hal_cortex.o(.text.HAL_SYSTICK_Config)
    HAL_UART_Init                            0x08001ac9   Thumb Code    94  stm32f4xx_hal_uart.o(.text.HAL_UART_Init)
    HAL_UART_MspInit                         0x08001b29   Thumb Code   106  stm32f4xx_hal_msp.o(.text.HAL_UART_MspInit)
    HAL_UART_Transmit                        0x08001b95   Thumb Code   646  stm32f4xx_hal_uart.o(.text.HAL_UART_Transmit)
    HardFault_Handler                        0x08001e1d   Thumb Code     2  stm32f4xx_it.o(.text.HardFault_Handler)
    MX_FATFS_Init                            0x08001e21   Thumb Code    28  fatfs.o(.text.MX_FATFS_Init)
    MemManage_Handler                        0x08001e3d   Thumb Code     2  stm32f4xx_it.o(.text.MemManage_Handler)
    NMI_Handler                              0x08001e41   Thumb Code     2  stm32f4xx_it.o(.text.NMI_Handler)
    PendSV_Handler                           0x08001e45   Thumb Code     2  stm32f4xx_it.o(.text.PendSV_Handler)
    SDIO_ConfigData                          0x08001e49   Thumb Code    38  stm32f4xx_ll_sdmmc.o(.text.SDIO_ConfigData)
    SDIO_GetPowerState                       0x08001e71   Thumb Code     8  stm32f4xx_ll_sdmmc.o(.text.SDIO_GetPowerState)
    SDIO_GetResponse                         0x08001e79   Thumb Code     6  stm32f4xx_ll_sdmmc.o(.text.SDIO_GetResponse)
    SDIO_Init                                0x08001e81   Thumb Code    44  stm32f4xx_ll_sdmmc.o(.text.SDIO_Init)
    SDIO_PowerState_ON                       0x08001ead   Thumb Code    10  stm32f4xx_ll_sdmmc.o(.text.SDIO_PowerState_ON)
    SDIO_ReadFIFO                            0x08001eb9   Thumb Code     6  stm32f4xx_ll_sdmmc.o(.text.SDIO_ReadFIFO)
    SDIO_WriteFIFO                           0x08001ec1   Thumb Code    12  stm32f4xx_ll_sdmmc.o(.text.SDIO_WriteFIFO)
    SDMMC_CmdAppCommand                      0x08001ecd   Thumb Code    24  stm32f4xx_ll_sdmmc.o(.text.SDMMC_CmdAppCommand)
    SDMMC_CmdAppOperCommand                  0x08001ee5   Thumb Code   144  stm32f4xx_ll_sdmmc.o(.text.SDMMC_CmdAppOperCommand)
    SDMMC_CmdBlockLength                     0x08001f75   Thumb Code    24  stm32f4xx_ll_sdmmc.o(.text.SDMMC_CmdBlockLength)
    SDMMC_CmdBusWidth                        0x08001f8d   Thumb Code    24  stm32f4xx_ll_sdmmc.o(.text.SDMMC_CmdBusWidth)
    SDMMC_CmdGoIdleState                     0x08001fa5   Thumb Code    96  stm32f4xx_ll_sdmmc.o(.text.SDMMC_CmdGoIdleState)
    SDMMC_CmdOperCond                        0x08002005   Thumb Code   166  stm32f4xx_ll_sdmmc.o(.text.SDMMC_CmdOperCond)
    SDMMC_CmdReadMultiBlock                  0x080020ad   Thumb Code    24  stm32f4xx_ll_sdmmc.o(.text.SDMMC_CmdReadMultiBlock)
    SDMMC_CmdReadSingleBlock                 0x080020c5   Thumb Code    24  stm32f4xx_ll_sdmmc.o(.text.SDMMC_CmdReadSingleBlock)
    SDMMC_CmdSelDesel                        0x080020dd   Thumb Code    24  stm32f4xx_ll_sdmmc.o(.text.SDMMC_CmdSelDesel)
    SDMMC_CmdSendCID                         0x080020f5   Thumb Code   156  stm32f4xx_ll_sdmmc.o(.text.SDMMC_CmdSendCID)
    SDMMC_CmdSendCSD                         0x08002191   Thumb Code   156  stm32f4xx_ll_sdmmc.o(.text.SDMMC_CmdSendCSD)
    SDMMC_CmdSendSCR                         0x0800222d   Thumb Code    26  stm32f4xx_ll_sdmmc.o(.text.SDMMC_CmdSendSCR)
    SDMMC_CmdSendStatus                      0x08002249   Thumb Code    24  stm32f4xx_ll_sdmmc.o(.text.SDMMC_CmdSendStatus)
    SDMMC_CmdSetRelAdd                       0x08002261   Thumb Code   204  stm32f4xx_ll_sdmmc.o(.text.SDMMC_CmdSetRelAdd)
    SDMMC_CmdStopTransfer                    0x0800232d   Thumb Code    30  stm32f4xx_ll_sdmmc.o(.text.SDMMC_CmdStopTransfer)
    SDMMC_CmdWriteMultiBlock                 0x0800234d   Thumb Code    24  stm32f4xx_ll_sdmmc.o(.text.SDMMC_CmdWriteMultiBlock)
    SDMMC_CmdWriteSingleBlock                0x08002365   Thumb Code    24  stm32f4xx_ll_sdmmc.o(.text.SDMMC_CmdWriteSingleBlock)
    SDMMC_GetCmdResp1                        0x0800237d   Thumb Code   358  stm32f4xx_ll_sdmmc.o(.text.SDMMC_GetCmdResp1)
    SD_initialize                            0x080025bd   Thumb Code    56  sd_diskio.o(.text.SD_initialize)
    SD_ioctl                                 0x080025f5   Thumb Code    98  sd_diskio.o(.text.SD_ioctl)
    SD_read                                  0x08002659   Thumb Code    36  sd_diskio.o(.text.SD_read)
    SD_status                                0x0800267d   Thumb Code    36  sd_diskio.o(.text.SD_status)
    SD_write                                 0x080026a1   Thumb Code    36  sd_diskio.o(.text.SD_write)
    SVC_Handler                              0x080026c5   Thumb Code     2  stm32f4xx_it.o(.text.SVC_Handler)
    SysTick_Handler                          0x080026c9   Thumb Code     4  stm32f4xx_it.o(.text.SysTick_Handler)
    SystemClock_Config                       0x080026cd   Thumb Code   180  main.o(.text.SystemClock_Config)
    SystemInit                               0x08002781   Thumb Code    18  system_stm32f4xx.o(.text.SystemInit)
    UsageFault_Handler                       0x08002885   Thumb Code     2  stm32f4xx_it.o(.text.UsageFault_Handler)
    disk_initialize                          0x08003aa1   Thumb Code    36  diskio.o(.text.disk_initialize)
    disk_read                                0x08003ac5   Thumb Code    32  diskio.o(.text.disk_read)
    disk_status                              0x08003ae5   Thumb Code    22  diskio.o(.text.disk_status)
    disk_write                               0x08003afd   Thumb Code    32  diskio.o(.text.disk_write)
    f_mount                                  0x08003b1d   Thumb Code   268  ff.o(.text.f_mount)
    f_open                                   0x08003c29   Thumb Code  1040  ff.o(.text.f_open)
    f_read                                   0x08004039   Thumb Code   760  ff.o(.text.f_read)
    ff_convert                               0x08004331   Thumb Code   508  cc936.o(.text.ff_convert)
    ff_memalloc                              0x0800452d   Thumb Code     4  syscall.o(.text.ff_memalloc)
    ff_memfree                               0x08004531   Thumb Code     4  syscall.o(.text.ff_memfree)
    ff_wtoupper                              0x08004535   Thumb Code   208  cc936.o(.text.ff_wtoupper)
    fputc                                    0x08005289   Thumb Code    36  main.o(.text.fputc)
    get_fattime                              0x0800537d   Thumb Code     4  fatfs.o(.text.get_fattime)
    main                                     0x08005381   Thumb Code   732  main.o(.text.main)
    __0printf$6                              0x080058b1   Thumb Code    22  printf6.o(i.__0printf$6)
    __1printf$6                              0x080058b1   Thumb Code     0  printf6.o(i.__0printf$6)
    __2printf                                0x080058b1   Thumb Code     0  printf6.o(i.__0printf$6)
    __scatterload_copy                       0x080058d1   Thumb Code    14  handlers.o(i.__scatterload_copy)
    __scatterload_null                       0x080058df   Thumb Code     2  handlers.o(i.__scatterload_null)
    __scatterload_zeroinit                   0x080058e1   Thumb Code    14  handlers.o(i.__scatterload_zeroinit)
    free                                     0x08005c35   Thumb Code    76  malloc.o(i.free)
    malloc                                   0x08005c85   Thumb Code    92  malloc.o(i.malloc)
    puts                                     0x08005cf1   Thumb Code    30  puts.o(i.puts)
    AHBPrescTable                            0x08005d14   Data          16  system_stm32f4xx.o(.rodata.AHBPrescTable)
    APBPrescTable                            0x08005d24   Data           8  system_stm32f4xx.o(.rodata.APBPrescTable)
    SD_Driver                                0x08005d2c   Data          20  sd_diskio.o(.rodata.SD_Driver)
    Region$$Table$$Base                      0x08030998   Number         0  anon$$obj.o(Region$$Table)
    Region$$Table$$Limit                     0x080309b8   Number         0  anon$$obj.o(Region$$Table)
    __stdout                                 0x20000000   Data           4  stdout.o(.data)
    __microlib_freelist                      0x20000004   Data           4  mvars.o(.data)
    __microlib_freelist_initialised          0x20000008   Data           4  mvars.o(.data)
    uwTickFreq                               0x2000000c   Data           1  stm32f4xx_hal.o(.data..L_MergedGlobals)
    uwTickPrio                               0x20000010   Data           4  stm32f4xx_hal.o(.data..L_MergedGlobals)
    SystemCoreClock                          0x20000018   Data           4  system_stm32f4xx.o(.data.SystemCoreClock)
    ch                                       0x20000020   Data           1  main.o(.bss..L_MergedGlobals)
    ch_r                                     0x20000021   Data           1  main.o(.bss..L_MergedGlobals)
    GetTime                                  0x20000028   Data          20  main.o(.bss..L_MergedGlobals)
    hrtc                                     0x2000003c   Data          32  main.o(.bss..L_MergedGlobals)
    retSD                                    0x2000005c   Data           1  fatfs.o(.bss..L_MergedGlobals)
    SDPath                                   0x2000005d   Data           4  fatfs.o(.bss..L_MergedGlobals)
    SDFatFS                                  0x2000008c   Data         564  fatfs.o(.bss.SDFatFS)
    SDFile                                   0x200002c0   Data         560  fatfs.o(.bss.SDFile)
    disk                                     0x200004f0   Data          12  ff_gen_drv.o(.bss.disk)
    hsd                                      0x200004fc   Data         132  main.o(.bss.hsd)
    huart6                                   0x20000580   Data          68  main.o(.bss.huart6)
    uwTick                                   0x200005c4   Data           4  stm32f4xx_hal.o(.bss.uwTick)
    wtext                                    0x200005c8   Data       20480  main.o(.bss.wtext)
    __heap_base                              0x200055c8   Data           0  startup_stm32f407xx.o(HEAP)
    __heap_limit                             0x200065c8   Data           0  startup_stm32f407xx.o(HEAP)
    __initial_sp                             0x200069c8   Data           0  startup_stm32f407xx.o(STACK)



==============================================================================

Memory Map of the image

  Image Entry point : 0x08000189

  Load Region LR_IROM1 (Base: 0x08000000, Size: 0x000309d8, Max: 0x00100000, ABSOLUTE)

    Execution Region ER_IROM1 (Exec base: 0x08000000, Load base: 0x08000000, Size: 0x000309b8, Max: 0x00100000, ABSOLUTE)

    Exec Addr    Load Addr    Size         Type   Attr      Idx    E Section Name        Object

    0x08000000   0x08000000   0x00000188   Data   RO            3    RESET               startup_stm32f407xx.o
    0x08000188   0x08000188   0x00000000   Code   RO         1146  * .ARM.Collect$$$$00000000  mc_w.l(entry.o)
    0x08000188   0x08000188   0x00000004   Code   RO         1450    .ARM.Collect$$$$00000001  mc_w.l(entry2.o)
    0x0800018c   0x0800018c   0x00000004   Code   RO         1453    .ARM.Collect$$$$00000004  mc_w.l(entry5.o)
    0x08000190   0x08000190   0x00000000   Code   RO         1455    .ARM.Collect$$$$00000008  mc_w.l(entry7b.o)
    0x08000190   0x08000190   0x00000000   Code   RO         1457    .ARM.Collect$$$$0000000A  mc_w.l(entry8b.o)
    0x08000190   0x08000190   0x00000008   Code   RO         1458    .ARM.Collect$$$$0000000B  mc_w.l(entry9a.o)
    0x08000198   0x08000198   0x00000000   Code   RO         1460    .ARM.Collect$$$$0000000D  mc_w.l(entry10a.o)
    0x08000198   0x08000198   0x00000000   Code   RO         1462    .ARM.Collect$$$$0000000F  mc_w.l(entry11a.o)
    0x08000198   0x08000198   0x00000004   Code   RO         1451    .ARM.Collect$$$$00002712  mc_w.l(entry2.o)
    0x0800019c   0x0800019c   0x00000024   Code   RO            4    .text               startup_stm32f407xx.o
    0x080001c0   0x080001c0   0x00000062   Code   RO         1153    .text               mc_w.l(uldiv.o)
    0x08000222   0x08000222   0x00000024   Code   RO         1157    .text               mc_w.l(memseta.o)
    0x08000246   0x08000246   0x0000002c   Code   RO         1474    .text               mc_w.l(uidiv.o)
    0x08000272   0x08000272   0x0000001e   Code   RO         1476    .text               mc_w.l(llshl.o)
    0x08000290   0x08000290   0x00000020   Code   RO         1478    .text               mc_w.l(llushr.o)
    0x080002b0   0x080002b0   0x00000024   Code   RO         1493    .text               mc_w.l(init.o)
    0x080002d4   0x080002d4   0x00000018   Code   RO          972    .text.BSP_PlatformIsDetected  fatfs_platform.o
    0x080002ec   0x080002ec   0x0000000e   Code   RO          930    .text.BSP_SD_GetCardInfo  bsp_driver_sd.o
    0x080002fa   0x080002fa   0x00000002   PAD
    0x080002fc   0x080002fc   0x00000016   Code   RO          928    .text.BSP_SD_GetCardState  bsp_driver_sd.o
    0x08000312   0x08000312   0x00000002   PAD
    0x08000314   0x08000314   0x00000038   Code   RO          910    .text.BSP_SD_Init   bsp_driver_sd.o
    0x0800034c   0x0800034c   0x00000020   Code   RO          912    .text.BSP_SD_IsDetected  bsp_driver_sd.o
    0x0800036c   0x0800036c   0x00000026   Code   RO          918    .text.BSP_SD_ReadBlocks  bsp_driver_sd.o
    0x08000392   0x08000392   0x00000002   PAD
    0x08000394   0x08000394   0x00000026   Code   RO          920    .text.BSP_SD_WriteBlocks  bsp_driver_sd.o
    0x080003ba   0x080003ba   0x00000002   PAD
    0x080003bc   0x080003bc   0x00000002   Code   RO           43    .text.BusFault_Handler  stm32f4xx_it.o
    0x080003be   0x080003be   0x00000002   PAD
    0x080003c0   0x080003c0   0x00000002   Code   RO           49    .text.DebugMon_Handler  stm32f4xx_it.o
    0x080003c2   0x080003c2   0x00000002   PAD
    0x080003c4   0x080003c4   0x0000000a   Code   RO           19    .text.Error_Handler  main.o
    0x080003ce   0x080003ce   0x00000002   PAD
    0x080003d0   0x080003d0   0x0000004c   Code   RO         1104    .text.FATFS_LinkDriver  ff_gen_drv.o
    0x0800041c   0x0800041c   0x00000028   Code   RO          393    .text.HAL_Delay     stm32f4xx_hal.o
    0x08000444   0x08000444   0x000001a6   Code   RO          194    .text.HAL_GPIO_Init  stm32f4xx_hal_gpio.o
    0x080005ea   0x080005ea   0x00000002   PAD
    0x080005ec   0x080005ec   0x0000000a   Code   RO          198    .text.HAL_GPIO_ReadPin  stm32f4xx_hal_gpio.o
    0x080005f6   0x080005f6   0x00000002   PAD
    0x080005f8   0x080005f8   0x0000000a   Code   RO          200    .text.HAL_GPIO_WritePin  stm32f4xx_hal_gpio.o
    0x08000602   0x08000602   0x00000002   PAD
    0x08000604   0x08000604   0x0000000c   Code   RO          385    .text.HAL_GetTick   stm32f4xx_hal.o
    0x08000610   0x08000610   0x0000001a   Code   RO          383    .text.HAL_IncTick   stm32f4xx_hal.o
    0x0800062a   0x0800062a   0x00000002   PAD
    0x0800062c   0x0800062c   0x00000036   Code   RO          373    .text.HAL_Init      stm32f4xx_hal.o
    0x08000662   0x08000662   0x00000002   PAD
    0x08000664   0x08000664   0x00000048   Code   RO          375    .text.HAL_InitTick  stm32f4xx_hal.o
    0x080006ac   0x080006ac   0x00000038   Code   RO           62    .text.HAL_MspInit   stm32f4xx_hal_msp.o
    0x080006e4   0x080006e4   0x00000056   Code   RO          329    .text.HAL_NVIC_SetPriority  stm32f4xx_hal_cortex.o
    0x0800073a   0x0800073a   0x00000002   PAD
    0x0800073c   0x0800073c   0x00000020   Code   RO          327    .text.HAL_NVIC_SetPriorityGrouping  stm32f4xx_hal_cortex.o
    0x0800075c   0x0800075c   0x0000014a   Code   RO          120    .text.HAL_RCCEx_PeriphCLKConfig  stm32f4xx_hal_rcc_ex.o
    0x080008a6   0x080008a6   0x00000002   PAD
    0x080008a8   0x080008a8   0x00000160   Code   RO           88    .text.HAL_RCC_ClockConfig  stm32f4xx_hal_rcc.o
    0x08000a08   0x08000a08   0x00000026   Code   RO          100    .text.HAL_RCC_GetPCLK1Freq  stm32f4xx_hal_rcc.o
    0x08000a2e   0x08000a2e   0x00000002   PAD
    0x08000a30   0x08000a30   0x00000026   Code   RO          102    .text.HAL_RCC_GetPCLK2Freq  stm32f4xx_hal_rcc.o
    0x08000a56   0x08000a56   0x00000002   PAD
    0x08000a58   0x08000a58   0x0000006c   Code   RO           90    .text.HAL_RCC_GetSysClockFreq  stm32f4xx_hal_rcc.o
    0x08000ac4   0x08000ac4   0x00000374   Code   RO           86    .text.HAL_RCC_OscConfig  stm32f4xx_hal_rcc.o
    0x08000e38   0x08000e38   0x00000070   Code   RO          479    .text.HAL_RTC_GetTime  stm32f4xx_hal_rtc.o
    0x08000ea8   0x08000ea8   0x000000f0   Code   RO          463    .text.HAL_RTC_Init  stm32f4xx_hal_rtc.o
    0x08000f98   0x08000f98   0x00000044   Code   RO           64    .text.HAL_RTC_MspInit  stm32f4xx_hal_msp.o
    0x08000fdc   0x08000fdc   0x00000126   Code   RO          755    .text.HAL_SD_ConfigWideBusOperation  stm32f4xx_hal_sd.o
    0x08001102   0x08001102   0x00000002   PAD
    0x08001104   0x08001104   0x00000186   Code   RO          749    .text.HAL_SD_GetCardCSD  stm32f4xx_hal_sd.o
    0x0800128a   0x0800128a   0x00000002   PAD
    0x0800128c   0x0800128c   0x00000024   Code   RO          753    .text.HAL_SD_GetCardInfo  stm32f4xx_hal_sd.o
    0x080012b0   0x080012b0   0x0000002a   Code   RO          757    .text.HAL_SD_GetCardState  stm32f4xx_hal_sd.o
    0x080012da   0x080012da   0x00000002   PAD
    0x080012dc   0x080012dc   0x00000040   Code   RO          699    .text.HAL_SD_Init   stm32f4xx_hal_sd.o
    0x0800131c   0x0800131c   0x0000021c   Code   RO          703    .text.HAL_SD_InitCard  stm32f4xx_hal_sd.o
    0x08001538   0x08001538   0x000000fa   Code   RO           68    .text.HAL_SD_MspInit  stm32f4xx_hal_msp.o
    0x08001632   0x08001632   0x00000002   PAD
    0x08001634   0x08001634   0x00000234   Code   RO          709    .text.HAL_SD_ReadBlocks  stm32f4xx_hal_sd.o
    0x08001868   0x08001868   0x00000232   Code   RO          711    .text.HAL_SD_WriteBlocks  stm32f4xx_hal_sd.o
    0x08001a9a   0x08001a9a   0x00000002   PAD
    0x08001a9c   0x08001a9c   0x0000002c   Code   RO          339    .text.HAL_SYSTICK_Config  stm32f4xx_hal_cortex.o
    0x08001ac8   0x08001ac8   0x0000005e   Code   RO          775    .text.HAL_UART_Init  stm32f4xx_hal_uart.o
    0x08001b26   0x08001b26   0x00000002   PAD
    0x08001b28   0x08001b28   0x0000006a   Code   RO           72    .text.HAL_UART_MspInit  stm32f4xx_hal_msp.o
    0x08001b92   0x08001b92   0x00000002   PAD
    0x08001b94   0x08001b94   0x00000286   Code   RO          791    .text.HAL_UART_Transmit  stm32f4xx_hal_uart.o
    0x08001e1a   0x08001e1a   0x00000002   PAD
    0x08001e1c   0x08001e1c   0x00000002   Code   RO           39    .text.HardFault_Handler  stm32f4xx_it.o
    0x08001e1e   0x08001e1e   0x00000002   PAD
    0x08001e20   0x08001e20   0x0000001c   Code   RO          981    .text.MX_FATFS_Init  fatfs.o
    0x08001e3c   0x08001e3c   0x00000002   Code   RO           41    .text.MemManage_Handler  stm32f4xx_it.o
    0x08001e3e   0x08001e3e   0x00000002   PAD
    0x08001e40   0x08001e40   0x00000002   Code   RO           37    .text.NMI_Handler   stm32f4xx_it.o
    0x08001e42   0x08001e42   0x00000002   PAD
    0x08001e44   0x08001e44   0x00000002   Code   RO           51    .text.PendSV_Handler  stm32f4xx_it.o
    0x08001e46   0x08001e46   0x00000002   PAD
    0x08001e48   0x08001e48   0x00000026   Code   RO          619    .text.SDIO_ConfigData  stm32f4xx_ll_sdmmc.o
    0x08001e6e   0x08001e6e   0x00000002   PAD
    0x08001e70   0x08001e70   0x00000008   Code   RO          611    .text.SDIO_GetPowerState  stm32f4xx_ll_sdmmc.o
    0x08001e78   0x08001e78   0x00000006   Code   RO          617    .text.SDIO_GetResponse  stm32f4xx_ll_sdmmc.o
    0x08001e7e   0x08001e7e   0x00000002   PAD
    0x08001e80   0x08001e80   0x0000002c   Code   RO          601    .text.SDIO_Init     stm32f4xx_ll_sdmmc.o
    0x08001eac   0x08001eac   0x0000000a   Code   RO          607    .text.SDIO_PowerState_ON  stm32f4xx_ll_sdmmc.o
    0x08001eb6   0x08001eb6   0x00000002   PAD
    0x08001eb8   0x08001eb8   0x00000006   Code   RO          603    .text.SDIO_ReadFIFO  stm32f4xx_ll_sdmmc.o
    0x08001ebe   0x08001ebe   0x00000002   PAD
    0x08001ec0   0x08001ec0   0x0000000c   Code   RO          605    .text.SDIO_WriteFIFO  stm32f4xx_ll_sdmmc.o
    0x08001ecc   0x08001ecc   0x00000018   Code   RO          659    .text.SDMMC_CmdAppCommand  stm32f4xx_ll_sdmmc.o
    0x08001ee4   0x08001ee4   0x00000090   Code   RO          661    .text.SDMMC_CmdAppOperCommand  stm32f4xx_ll_sdmmc.o
    0x08001f74   0x08001f74   0x00000018   Code   RO          627    .text.SDMMC_CmdBlockLength  stm32f4xx_ll_sdmmc.o
    0x08001f8c   0x08001f8c   0x00000018   Code   RO          665    .text.SDMMC_CmdBusWidth  stm32f4xx_ll_sdmmc.o
    0x08001fa4   0x08001fa4   0x00000060   Code   RO          653    .text.SDMMC_CmdGoIdleState  stm32f4xx_ll_sdmmc.o
    0x08002004   0x08002004   0x000000a6   Code   RO          655    .text.SDMMC_CmdOperCond  stm32f4xx_ll_sdmmc.o
    0x080020aa   0x080020aa   0x00000002   PAD
    0x080020ac   0x080020ac   0x00000018   Code   RO          633    .text.SDMMC_CmdReadMultiBlock  stm32f4xx_ll_sdmmc.o
    0x080020c4   0x080020c4   0x00000018   Code   RO          631    .text.SDMMC_CmdReadSingleBlock  stm32f4xx_ll_sdmmc.o
    0x080020dc   0x080020dc   0x00000018   Code   RO          651    .text.SDMMC_CmdSelDesel  stm32f4xx_ll_sdmmc.o
    0x080020f4   0x080020f4   0x0000009c   Code   RO          669    .text.SDMMC_CmdSendCID  stm32f4xx_ll_sdmmc.o
    0x08002190   0x08002190   0x0000009c   Code   RO          673    .text.SDMMC_CmdSendCSD  stm32f4xx_ll_sdmmc.o
    0x0800222c   0x0800222c   0x0000001a   Code   RO          667    .text.SDMMC_CmdSendSCR  stm32f4xx_ll_sdmmc.o
    0x08002246   0x08002246   0x00000002   PAD
    0x08002248   0x08002248   0x00000018   Code   RO          681    .text.SDMMC_CmdSendStatus  stm32f4xx_ll_sdmmc.o
    0x08002260   0x08002260   0x000000cc   Code   RO          675    .text.SDMMC_CmdSetRelAdd  stm32f4xx_ll_sdmmc.o
    0x0800232c   0x0800232c   0x0000001e   Code   RO          649    .text.SDMMC_CmdStopTransfer  stm32f4xx_ll_sdmmc.o
    0x0800234a   0x0800234a   0x00000002   PAD
    0x0800234c   0x0800234c   0x00000018   Code   RO          637    .text.SDMMC_CmdWriteMultiBlock  stm32f4xx_ll_sdmmc.o
    0x08002364   0x08002364   0x00000018   Code   RO          635    .text.SDMMC_CmdWriteSingleBlock  stm32f4xx_ll_sdmmc.o
    0x0800237c   0x0800237c   0x00000166   Code   RO          629    .text.SDMMC_GetCmdResp1  stm32f4xx_ll_sdmmc.o
    0x080024e2   0x080024e2   0x00000002   PAD
    0x080024e4   0x080024e4   0x000000d6   Code   RO          763    .text.SD_FindSCR    stm32f4xx_hal_sd.o
    0x080025ba   0x080025ba   0x00000002   PAD
    0x080025bc   0x080025bc   0x00000038   Code   RO          952    .text.SD_initialize  sd_diskio.o
    0x080025f4   0x080025f4   0x00000062   Code   RO          960    .text.SD_ioctl      sd_diskio.o
    0x08002656   0x08002656   0x00000002   PAD
    0x08002658   0x08002658   0x00000024   Code   RO          956    .text.SD_read       sd_diskio.o
    0x0800267c   0x0800267c   0x00000024   Code   RO          954    .text.SD_status     sd_diskio.o
    0x080026a0   0x080026a0   0x00000024   Code   RO          958    .text.SD_write      sd_diskio.o
    0x080026c4   0x080026c4   0x00000002   Code   RO           47    .text.SVC_Handler   stm32f4xx_it.o
    0x080026c6   0x080026c6   0x00000002   PAD
    0x080026c8   0x080026c8   0x00000004   Code   RO           53    .text.SysTick_Handler  stm32f4xx_it.o
    0x080026cc   0x080026cc   0x000000b4   Code   RO           17    .text.SystemClock_Config  main.o
    0x08002780   0x08002780   0x00000012   Code   RO          895    .text.SystemInit    system_stm32f4xx.o
    0x08002792   0x08002792   0x00000002   PAD
    0x08002794   0x08002794   0x000000ee   Code   RO          779    .text.UART_SetConfig  stm32f4xx_hal_uart.o
    0x08002882   0x08002882   0x00000002   PAD
    0x08002884   0x08002884   0x00000002   Code   RO           45    .text.UsageFault_Handler  stm32f4xx_it.o
    0x08002886   0x08002886   0x00000002   PAD
    0x08002888   0x08002888   0x0000012c   Code   RO         1037    .text.create_chain  ff.o
    0x080029b4   0x080029b4   0x00000680   Code   RO         1087    .text.dir_find      ff.o
    0x08003034   0x08003034   0x00000174   Code   RO         1059    .text.dir_next      ff.o
    0x080031a8   0x080031a8   0x0000084e   Code   RO         1023    .text.dir_register  ff.o
    0x080039f6   0x080039f6   0x00000002   PAD
    0x080039f8   0x080039f8   0x000000a6   Code   RO         1049    .text.dir_sdi       ff.o
    0x08003a9e   0x08003a9e   0x00000002   PAD
    0x08003aa0   0x08003aa0   0x00000024   Code   RO          997    .text.disk_initialize  diskio.o
    0x08003ac4   0x08003ac4   0x00000020   Code   RO          999    .text.disk_read     diskio.o
    0x08003ae4   0x08003ae4   0x00000016   Code   RO          995    .text.disk_status   diskio.o
    0x08003afa   0x08003afa   0x00000002   PAD
    0x08003afc   0x08003afc   0x00000020   Code   RO         1001    .text.disk_write    diskio.o
    0x08003b1c   0x08003b1c   0x0000010c   Code   RO         1015    .text.f_mount       ff.o
    0x08003c28   0x08003c28   0x00000410   Code   RO         1019    .text.f_open        ff.o
    0x08004038   0x08004038   0x000002f8   Code   RO         1033    .text.f_read        ff.o
    0x08004330   0x08004330   0x000001fc   Code   RO         1132    .text.ff_convert    cc936.o
    0x0800452c   0x0800452c   0x00000004   Code   RO         1121    .text.ff_memalloc   syscall.o
    0x08004530   0x08004530   0x00000004   Code   RO         1123    .text.ff_memfree    syscall.o
    0x08004534   0x08004534   0x000000d0   Code   RO         1134    .text.ff_wtoupper   cc936.o
    0x08004604   0x08004604   0x0000051a   Code   RO         1017    .text.find_volume   ff.o
    0x08004b1e   0x08004b1e   0x00000002   PAD
    0x08004b20   0x08004b20   0x00000768   Code   RO         1021    .text.follow_path   ff.o
    0x08005288   0x08005288   0x00000024   Code   RO           11    .text.fputc         main.o
    0x080052ac   0x080052ac   0x000000d0   Code   RO         1031    .text.get_fat       ff.o
    0x0800537c   0x0800537c   0x00000004   Code   RO          983    .text.get_fattime   fatfs.o
    0x08005380   0x08005380   0x00000344   Code   RO           15    .text.main          main.o
    0x080056c4   0x080056c4   0x00000080   Code   RO         1027    .text.move_window   ff.o
    0x08005744   0x08005744   0x0000010e   Code   RO         1091    .text.put_fat       ff.o
    0x08005852   0x08005852   0x00000002   PAD
    0x08005854   0x08005854   0x0000005a   Code   RO         1073    .text.sync_window   ff.o
    0x080058ae   0x080058ae   0x00000002   PAD
    0x080058b0   0x080058b0   0x00000020   Code   RO         1316    i.__0printf$6       mc_w.l(printf6.o)
    0x080058d0   0x080058d0   0x0000000e   Code   RO         1501    i.__scatterload_copy  mc_w.l(handlers.o)
    0x080058de   0x080058de   0x00000002   Code   RO         1502    i.__scatterload_null  mc_w.l(handlers.o)
    0x080058e0   0x080058e0   0x0000000e   Code   RO         1503    i.__scatterload_zeroinit  mc_w.l(handlers.o)
    0x080058ee   0x080058ee   0x00000002   PAD
    0x080058f0   0x080058f0   0x000002f0   Code   RO         1323    i._printf_core      mc_w.l(printf6.o)
    0x08005be0   0x08005be0   0x00000024   Code   RO         1324    i._printf_post_padding  mc_w.l(printf6.o)
    0x08005c04   0x08005c04   0x0000002e   Code   RO         1325    i._printf_pre_padding  mc_w.l(printf6.o)
    0x08005c32   0x08005c32   0x00000002   PAD
    0x08005c34   0x08005c34   0x00000050   Code   RO         1422    i.free              mc_w.l(malloc.o)
    0x08005c84   0x08005c84   0x0000006c   Code   RO         1423    i.malloc            mc_w.l(malloc.o)
    0x08005cf0   0x08005cf0   0x00000024   Code   RO         1149    i.puts              mc_w.l(puts.o)
    0x08005d14   0x08005d14   0x00000010   Data   RO          900    .rodata.AHBPrescTable  system_stm32f4xx.o
    0x08005d24   0x08005d24   0x00000008   Data   RO          901    .rodata.APBPrescTable  system_stm32f4xx.o
    0x08005d2c   0x08005d2c   0x00000014   Data   RO          962    .rodata.SD_Driver   sd_diskio.o
    0x08005d40   0x08005d40   0x00015484   Data   RO         1136    .rodata.oem2uni     cc936.o
    0x0801b1c4   0x0801b1c4   0x000000a0   Data   RO           25    .rodata.str1.1      main.o
    0x0801b264   0x0801b264   0x000002ae   Data   RO         1138    .rodata.str2.2      cc936.o
    0x0801b512   0x0801b512   0x00015484   Data   RO         1137    .rodata.uni2oem     cc936.o
    0x08030996   0x08030996   0x00000002   PAD
    0x08030998   0x08030998   0x00000020   Data   RO         1500    Region$$Table       anon$$obj.o


    Execution Region RW_IRAM1 (Exec base: 0x20000000, Load base: 0x080309b8, Size: 0x000069c8, Max: 0x0001c000, ABSOLUTE)

    Exec Addr    Load Addr    Size         Type   Attr      Idx    E Section Name        Object

    0x20000000   0x080309b8   0x00000004   Data   RW         1464    .data               mc_w.l(stdout.o)
    0x20000004   0x080309bc   0x00000004   Data   RW         1480    .data               mc_w.l(mvars.o)
    0x20000008   0x080309c0   0x00000004   Data   RW         1481    .data               mc_w.l(mvars.o)
    0x2000000c   0x080309c4   0x00000008   Data   RW          428    .data..L_MergedGlobals  stm32f4xx_hal.o
    0x20000014   0x080309cc   0x00000001   Data   RW          963    .data.Stat          sd_diskio.o
    0x20000015   0x080309cd   0x00000003   PAD
    0x20000018   0x080309d0   0x00000004   Data   RW          899    .data.SystemCoreClock  system_stm32f4xx.o
    0x2000001c   0x080309d4   0x00000004   PAD
    0x20000020        -       0x0000003c   Zero   RW           28    .bss..L_MergedGlobals  main.o
    0x2000005c        -       0x00000005   Zero   RW          987    .bss..L_MergedGlobals  fatfs.o
    0x20000061   0x080309d4   0x00000003   PAD
    0x20000064        -       0x00000028   Zero   RW         1093    .bss..L_MergedGlobals  ff.o
    0x2000008c        -       0x00000234   Zero   RW          985    .bss.SDFatFS        fatfs.o
    0x200002c0        -       0x00000230   Zero   RW          986    .bss.SDFile         fatfs.o
    0x200004f0        -       0x0000000c   Zero   RW         1112    .bss.disk           ff_gen_drv.o
    0x200004fc        -       0x00000084   Zero   RW           22    .bss.hsd            main.o
    0x20000580        -       0x00000044   Zero   RW           21    .bss.huart6         main.o
    0x200005c4        -       0x00000004   Zero   RW          427    .bss.uwTick         stm32f4xx_hal.o
    0x200005c8        -       0x00005000   Zero   RW           24    .bss.wtext          main.o
    0x200055c8        -       0x00001000   Zero   RW            2    HEAP                startup_stm32f407xx.o
    0x200065c8        -       0x00000400   Zero   RW            1    STACK               startup_stm32f407xx.o


    Execution Region RW_IRAM2 (Exec base: 0x2001c000, Load base: 0x080309d8, Size: 0x00000000, Max: 0x00004000, ABSOLUTE)

    **** No section assigned to this execution region ****


==============================================================================

Image component sizes


      Code (inc. data)   RO Data    RW Data    ZI Data      Debug   Object Name

       200          0          0          0          0       6862   bsp_driver_sd.o
       716         10     175030          0          0       2903   cc936.o
       122          0          0          0          0       1864   diskio.o
        32          0          0          0       1129       1983   fatfs.o
        24          0          0          0          0       1208   fatfs_platform.o
     10594        106          0          0         40      92238   ff.o
        76          0          0          0         12       3266   ff_gen_drv.o
      1062        104        160          0      20740      12286   main.o
       262          6         20          1          0       3241   sd_diskio.o
        36          8        392          0       5120        828   startup_stm32f407xx.o
       204          0          0          8          4       7305   stm32f4xx_hal.o
       162          0          0          0          0      10535   stm32f4xx_hal_cortex.o
       442          0          0          0          0       5268   stm32f4xx_hal_gpio.o
       480          0          0          0          0       8984   stm32f4xx_hal_msp.o
      1420          0          0          0          0       7433   stm32f4xx_hal_rcc.o
       330          0          0          0          0       4424   stm32f4xx_hal_rcc_ex.o
       352          0          0          0          0      16188   stm32f4xx_hal_rtc.o
      2706          0          0          0          0      27119   stm32f4xx_hal_sd.o
       978          0          0          0          0      31728   stm32f4xx_hal_uart.o
        20          0          0          0          0       1141   stm32f4xx_it.o
      1676          0          0          0          0      21562   stm32f4xx_ll_sdmmc.o
         8          0          0          0          0        710   syscall.o
        18          0         24          4          0       2658   system_stm32f4xx.o

    ----------------------------------------------------------------------
     22016        234     175660         16      27052     271734   Object Totals
         0          0         32          0          0          0   (incl. Generated)
        96          0          2          3          7          0   (incl. Padding)

    ----------------------------------------------------------------------

      Code (inc. data)   RO Data    RW Data    ZI Data      Debug   Library Member Name

         0          0          0          0          0          0   entry.o
         0          0          0          0          0          0   entry10a.o
         0          0          0          0          0          0   entry11a.o
         8          4          0          0          0          0   entry2.o
         4          0          0          0          0          0   entry5.o
         0          0          0          0          0          0   entry7b.o
         0          0          0          0          0          0   entry8b.o
         8          4          0          0          0          0   entry9a.o
        30          0          0          0          0          0   handlers.o
        36          8          0          0          0         68   init.o
        30          0          0          0          0         68   llshl.o
        32          0          0          0          0         68   llushr.o
       188         20          0          0          0        160   malloc.o
        36          0          0          0          0        108   memseta.o
         0          0          0          8          0          0   mvars.o
       866         14          0          0          0        352   printf6.o
        36          6          0          0          0         80   puts.o
         0          0          0          4          0          0   stdout.o
        44          0          0          0          0         80   uidiv.o
        98          0          0          0          0         92   uldiv.o

    ----------------------------------------------------------------------
      1420         56          0         12          0       1076   Library Totals
         4          0          0          0          0          0   (incl. Padding)

    ----------------------------------------------------------------------

      Code (inc. data)   RO Data    RW Data    ZI Data      Debug   Library Name

      1416         56          0         12          0       1076   mc_w.l

    ----------------------------------------------------------------------
      1420         56          0         12          0       1076   Library Totals

    ----------------------------------------------------------------------

==============================================================================


      Code (inc. data)   RO Data    RW Data    ZI Data      Debug   

     23436        290     175660         28      27052     272074   Grand Totals
     23436        290     175660         28      27052     272074   ELF Image Totals
     23436        290     175660         28          0          0   ROM Totals

==============================================================================

    Total RO  Size (Code + RO Data)               199096 ( 194.43kB)
    Total RW  Size (RW Data + ZI Data)             27080 (  26.45kB)
    Total ROM Size (Code + RO Data + RW Data)     199124 ( 194.46kB)

==============================================================================

